[
  {
    "type":"apache",
    "namespace":null,
    "name":"abdera",
    "version":"1.7.1",
    "qualifiers":{},
    "subpath":null,
    "primary_language":"Java",
    "description":"An open source Atom implementation\nThe goal of the Apache Abdera project is to build a functionally-complete, high-performance implementation of the IETF Atom Syndication Format (RFC 4287) and Atom Publishing Protocol (RFC 5023) specifications.",
    "release_date":"2008-04-11",
    "parties":[],
    "keywords":[
      "xml"
    ],
    "homepage_url":"http://abdera.apache.org",
    "download_url":"http://abdera.apache.org/#downloads",
    "size":null,
    "sha1":null,
    "md5":null,
    "sha256":null,
    "sha512":null,
    "bug_tracking_url":"https://issues.apache.org/jira/browse/ABDERA",
    "code_view_url":"http://svn.apache.org/repos/asf/abdera",
    "vcs_url":null,
    "copyright":null,
    "holder":null,
    "declared_license_expression":"apache-2.0",
    "declared_license_expression_spdx":"Apache-2.0",
    "license_detections":[],
    "other_license_expression":null,
    "other_license_expression_spdx":null,
    "other_license_detections":[],
    "extracted_license_statement":"http://usefulinc.com/doap/licenses/asl20",
    "notice_text":null,
    "source_packages":[],
    "is_private":false,
    "is_virtual":false,
    "extra_data":{},
    "repository_homepage_url":null,
    "repository_download_url":null,
    "api_data_url":null,
    "package_uid":"pkg:apache/abdera@1.7.1?uuid=fixed-uid-done-for-testing-5642512d1758",
    "datafile_paths":[],
    "datasource_ids":[
      "apache_json"
    ],
    "purl":"pkg:apache/abdera@1.7.1"
  },
  {
    "type":"apache",
    "namespace":null,
    "name":"activemq",
    "version":null,
    "qualifiers":{},
    "subpath":null,
    "primary_language":"Java, C, C++, Ruby, Perl, Python, PHP, C#",
    "description":"ActiveMQ is the most popular and powerful open source Message Broker.\nActiveMQ is a fast and powerful Message Broker which supports many Cross Language Clients and Protocols and many advanced features while fully supporting JMS 1.1 and J2EE 1.4.",
    "release_date":null,
    "parties":[
      {
        "type":"person",
        "role":"maintainer",
        "name":"Hiram Chirino",
        "email":"chirino@apache.org",
        "url":null
      }
    ],
    "keywords":[
      "network-server",
      "network-client"
    ],
    "homepage_url":"http://activemq.apache.org/",
    "download_url":"http://activemq.apache.org/download.html",
    "size":null,
    "sha1":null,
    "md5":null,
    "sha256":null,
    "sha512":null,
    "bug_tracking_url":"http://issues.apache.org/activemq/browse/AMQ",
    "code_view_url":null,
    "vcs_url":null,
    "copyright":null,
    "holder":null,
    "declared_license_expression":"apache-2.0",
    "declared_license_expression_spdx":"Apache-2.0",
    "license_detections":[],
    "other_license_expression":null,
    "other_license_expression_spdx":null,
    "other_license_detections":[],
    "extracted_license_statement":"http://usefulinc.com/doap/licenses/asl20",
    "notice_text":null,
    "source_packages":[],
    "is_private":false,
    "is_virtual":false,
    "extra_data":{},
    "repository_homepage_url":null,
    "repository_download_url":null,
    "api_data_url":null,
    "package_uid":"pkg:apache/activemq?uuid=fixed-uid-done-for-testing-5642512d1758",
    "datafile_paths":[],
    "datasource_ids":[
      "apache_json"
    ],
    "purl":"pkg:apache/activemq"
  },
  {
    "type":"apache",
    "namespace":null,
    "name":"accumulo",
    "version":"1.7.1",
    "qualifiers":{},
    "subpath":null,
    "primary_language":"Java",
    "description":"The Apache Accumulo sorted, distributed key/value store is based on Google's BigTable design. It is built on top of Apache Hadoop, Apache Zookeeper, and Apache Thrift. It features a few novel improvements on the BigTable design in the form of cell-level access labels and a server-side programming mechanism that can modify key/value pairs at various points in the data management process.",
    "release_date":"2016-02-25",
    "parties":[
      {
        "type":"person",
        "role":"maintainer",
        "name":"Billie Rinaldi",
        "email":"billie@apache.org",
        "url":null
      }
    ],
    "keywords":[
      "database"
    ],
    "homepage_url":"https://accumulo.apache.org",
    "download_url":"https://accumulo.apache.org/downloads",
    "size":null,
    "sha1":null,
    "md5":null,
    "sha256":null,
    "sha512":null,
    "bug_tracking_url":"https://issues.apache.org/jira/browse/ACCUMULO",
    "code_view_url":"https://git-wip-us.apache.org/repos/asf/accumulo.git",
    "vcs_url":null,
    "copyright":null,
    "holder":null,
    "declared_license_expression":"apache-2.0",
    "declared_license_expression_spdx":"Apache-2.0",
    "license_detections":[],
    "other_license_expression":null,
    "other_license_expression_spdx":null,
    "other_license_detections":[],
    "extracted_license_statement":"http://usefulinc.com/doap/licenses/asl20",
    "notice_text":null,
    "source_packages":[],
    "is_private":false,
    "is_virtual":false,
    "extra_data":{},
    "repository_homepage_url":null,
    "repository_download_url":null,
    "api_data_url":null,
    "package_uid":"pkg:apache/accumulo@1.7.1?uuid=fixed-uid-done-for-testing-5642512d1758",
    "datafile_paths":[],
    "datasource_ids":[
      "apache_json"
    ],
    "purl":"pkg:apache/accumulo@1.7.1"
  },
  {
    "type":"apache",
    "namespace":null,
    "name":"accumulo",
    "version":"1.7.0",
    "qualifiers":{},
    "subpath":null,
    "primary_language":"Java",
    "description":"The Apache Accumulo sorted, distributed key/value store is based on Google's BigTable design. It is built on top of Apache Hadoop, Apache Zookeeper, and Apache Thrift. It features a few novel improvements on the BigTable design in the form of cell-level access labels and a server-side programming mechanism that can modify key/value pairs at various points in the data management process.",
    "release_date":"2015-05-19",
    "parties":[
      {
        "type":"person",
        "role":"maintainer",
        "name":"Billie Rinaldi",
        "email":"billie@apache.org",
        "url":null
      }
    ],
    "keywords":[
      "database"
    ],
    "homepage_url":"https://accumulo.apache.org",
    "download_url":"https://accumulo.apache.org/downloads",
    "size":null,
    "sha1":null,
    "md5":null,
    "sha256":null,
    "sha512":null,
    "bug_tracking_url":"https://issues.apache.org/jira/browse/ACCUMULO",
    "code_view_url":"https://git-wip-us.apache.org/repos/asf/accumulo.git",
    "vcs_url":null,
    "copyright":null,
    "holder":null,
    "declared_license_expression":"apache-2.0",
    "declared_license_expression_spdx":"Apache-2.0",
    "license_detections":[],
    "other_license_expression":null,
    "other_license_expression_spdx":null,
    "other_license_detections":[],
    "extracted_license_statement":"http://usefulinc.com/doap/licenses/asl20",
    "notice_text":null,
    "source_packages":[],
    "is_private":false,
    "is_virtual":false,
    "extra_data":{},
    "repository_homepage_url":null,
    "repository_download_url":null,
    "api_data_url":null,
    "package_uid":"pkg:apache/accumulo@1.7.0?uuid=fixed-uid-done-for-testing-5642512d1758",
    "datafile_paths":[],
    "datasource_ids":[
      "apache_json"
    ],
    "purl":"pkg:apache/accumulo@1.7.0"
  },
  {
    "type":"apache",
    "namespace":null,
    "name":"accumulo",
    "version":"1.6.5",
    "qualifiers":{},
    "subpath":null,
    "primary_language":"Java",
    "description":"The Apache Accumulo sorted, distributed key/value store is based on Google's BigTable design. It is built on top of Apache Hadoop, Apache Zookeeper, and Apache Thrift. It features a few novel improvements on the BigTable design in the form of cell-level access labels and a server-side programming mechanism that can modify key/value pairs at various points in the data management process.",
    "release_date":"2016-02-16",
    "parties":[
      {
        "type":"person",
        "role":"maintainer",
        "name":"Billie Rinaldi",
        "email":"billie@apache.org",
        "url":null
      }
    ],
    "keywords":[
      "database"
    ],
    "homepage_url":"https://accumulo.apache.org",
    "download_url":"https://accumulo.apache.org/downloads",
    "size":null,
    "sha1":null,
    "md5":null,
    "sha256":null,
    "sha512":null,
    "bug_tracking_url":"https://issues.apache.org/jira/browse/ACCUMULO",
    "code_view_url":"https://git-wip-us.apache.org/repos/asf/accumulo.git",
    "vcs_url":null,
    "copyright":null,
    "holder":null,
    "declared_license_expression":"apache-2.0",
    "declared_license_expression_spdx":"Apache-2.0",
    "license_detections":[],
    "other_license_expression":null,
    "other_license_expression_spdx":null,
    "other_license_detections":[],
    "extracted_license_statement":"http://usefulinc.com/doap/licenses/asl20",
    "notice_text":null,
    "source_packages":[],
    "is_private":false,
    "is_virtual":false,
    "extra_data":{},
    "repository_homepage_url":null,
    "repository_download_url":null,
    "api_data_url":null,
    "package_uid":"pkg:apache/accumulo@1.6.5?uuid=fixed-uid-done-for-testing-5642512d1758",
    "datafile_paths":[],
    "datasource_ids":[
      "apache_json"
    ],
    "purl":"pkg:apache/accumulo@1.6.5"
  },
  {
    "type":"apache",
    "namespace":null,
    "name":"accumulo",
    "version":"1.6.4",
    "qualifiers":{},
    "subpath":null,
    "primary_language":"Java",
    "description":"The Apache Accumulo sorted, distributed key/value store is based on Google's BigTable design. It is built on top of Apache Hadoop, Apache Zookeeper, and Apache Thrift. It features a few novel improvements on the BigTable design in the form of cell-level access labels and a server-side programming mechanism that can modify key/value pairs at various points in the data management process.",
    "release_date":"2015-10-03",
    "parties":[
      {
        "type":"person",
        "role":"maintainer",
        "name":"Billie Rinaldi",
        "email":"billie@apache.org",
        "url":null
      }
    ],
    "keywords":[
      "database"
    ],
    "homepage_url":"https://accumulo.apache.org",
    "download_url":"https://accumulo.apache.org/downloads",
    "size":null,
    "sha1":null,
    "md5":null,
    "sha256":null,
    "sha512":null,
    "bug_tracking_url":"https://issues.apache.org/jira/browse/ACCUMULO",
    "code_view_url":"https://git-wip-us.apache.org/repos/asf/accumulo.git",
    "vcs_url":null,
    "copyright":null,
    "holder":null,
    "declared_license_expression":"apache-2.0",
    "declared_license_expression_spdx":"Apache-2.0",
    "license_detections":[],
    "other_license_expression":null,
    "other_license_expression_spdx":null,
    "other_license_detections":[],
    "extracted_license_statement":"http://usefulinc.com/doap/licenses/asl20",
    "notice_text":null,
    "source_packages":[],
    "is_private":false,
    "is_virtual":false,
    "extra_data":{},
    "repository_homepage_url":null,
    "repository_download_url":null,
    "api_data_url":null,
    "package_uid":"pkg:apache/accumulo@1.6.4?uuid=fixed-uid-done-for-testing-5642512d1758",
    "datafile_paths":[],
    "datasource_ids":[
      "apache_json"
    ],
    "purl":"pkg:apache/accumulo@1.6.4"
  },
  {
    "type":"apache",
    "namespace":null,
    "name":"accumulo",
    "version":"1.6.3",
    "qualifiers":{},
    "subpath":null,
    "primary_language":"Java",
    "description":"The Apache Accumulo sorted, distributed key/value store is based on Google's BigTable design. It is built on top of Apache Hadoop, Apache Zookeeper, and Apache Thrift. It features a few novel improvements on the BigTable design in the form of cell-level access labels and a server-side programming mechanism that can modify key/value pairs at various points in the data management process.",
    "release_date":"2015-07-04",
    "parties":[
      {
        "type":"person",
        "role":"maintainer",
        "name":"Billie Rinaldi",
        "email":"billie@apache.org",
        "url":null
      }
    ],
    "keywords":[
      "database"
    ],
    "homepage_url":"https://accumulo.apache.org",
    "download_url":"https://accumulo.apache.org/downloads",
    "size":null,
    "sha1":null,
    "md5":null,
    "sha256":null,
    "sha512":null,
    "bug_tracking_url":"https://issues.apache.org/jira/browse/ACCUMULO",
    "code_view_url":"https://git-wip-us.apache.org/repos/asf/accumulo.git",
    "vcs_url":null,
    "copyright":null,
    "holder":null,
    "declared_license_expression":"apache-2.0",
    "declared_license_expression_spdx":"Apache-2.0",
    "license_detections":[],
    "other_license_expression":null,
    "other_license_expression_spdx":null,
    "other_license_detections":[],
    "extracted_license_statement":"http://usefulinc.com/doap/licenses/asl20",
    "notice_text":null,
    "source_packages":[],
    "is_private":false,
    "is_virtual":false,
    "extra_data":{},
    "repository_homepage_url":null,
    "repository_download_url":null,
    "api_data_url":null,
    "package_uid":"pkg:apache/accumulo@1.6.3?uuid=fixed-uid-done-for-testing-5642512d1758",
    "datafile_paths":[],
    "datasource_ids":[
      "apache_json"
    ],
    "purl":"pkg:apache/accumulo@1.6.3"
  },
  {
    "type":"apache",
    "namespace":null,
    "name":"accumulo",
    "version":"1.6.2",
    "qualifiers":{},
    "subpath":null,
    "primary_language":"Java",
    "description":"The Apache Accumulo sorted, distributed key/value store is based on Google's BigTable design. It is built on top of Apache Hadoop, Apache Zookeeper, and Apache Thrift. It features a few novel improvements on the BigTable design in the form of cell-level access labels and a server-side programming mechanism that can modify key/value pairs at various points in the data management process.",
    "release_date":"2015-02-16",
    "parties":[
      {
        "type":"person",
        "role":"maintainer",
        "name":"Billie Rinaldi",
        "email":"billie@apache.org",
        "url":null
      }
    ],
    "keywords":[
      "database"
    ],
    "homepage_url":"https://accumulo.apache.org",
    "download_url":"https://accumulo.apache.org/downloads",
    "size":null,
    "sha1":null,
    "md5":null,
    "sha256":null,
    "sha512":null,
    "bug_tracking_url":"https://issues.apache.org/jira/browse/ACCUMULO",
    "code_view_url":"https://git-wip-us.apache.org/repos/asf/accumulo.git",
    "vcs_url":null,
    "copyright":null,
    "holder":null,
    "declared_license_expression":"apache-2.0",
    "declared_license_expression_spdx":"Apache-2.0",
    "license_detections":[],
    "other_license_expression":null,
    "other_license_expression_spdx":null,
    "other_license_detections":[],
    "extracted_license_statement":"http://usefulinc.com/doap/licenses/asl20",
    "notice_text":null,
    "source_packages":[],
    "is_private":false,
    "is_virtual":false,
    "extra_data":{},
    "repository_homepage_url":null,
    "repository_download_url":null,
    "api_data_url":null,
    "package_uid":"pkg:apache/accumulo@1.6.2?uuid=fixed-uid-done-for-testing-5642512d1758",
    "datafile_paths":[],
    "datasource_ids":[
      "apache_json"
    ],
    "purl":"pkg:apache/accumulo@1.6.2"
  },
  {
    "type":"apache",
    "namespace":null,
    "name":"accumulo",
    "version":"1.6.1",
    "qualifiers":{},
    "subpath":null,
    "primary_language":"Java",
    "description":"The Apache Accumulo sorted, distributed key/value store is based on Google's BigTable design. It is built on top of Apache Hadoop, Apache Zookeeper, and Apache Thrift. It features a few novel improvements on the BigTable design in the form of cell-level access labels and a server-side programming mechanism that can modify key/value pairs at various points in the data management process.",
    "release_date":"2014-09-24",
    "parties":[
      {
        "type":"person",
        "role":"maintainer",
        "name":"Billie Rinaldi",
        "email":"billie@apache.org",
        "url":null
      }
    ],
    "keywords":[
      "database"
    ],
    "homepage_url":"https://accumulo.apache.org",
    "download_url":"https://accumulo.apache.org/downloads",
    "size":null,
    "sha1":null,
    "md5":null,
    "sha256":null,
    "sha512":null,
    "bug_tracking_url":"https://issues.apache.org/jira/browse/ACCUMULO",
    "code_view_url":"https://git-wip-us.apache.org/repos/asf/accumulo.git",
    "vcs_url":null,
    "copyright":null,
    "holder":null,
    "declared_license_expression":"apache-2.0",
    "declared_license_expression_spdx":"Apache-2.0",
    "license_detections":[],
    "other_license_expression":null,
    "other_license_expression_spdx":null,
    "other_license_detections":[],
    "extracted_license_statement":"http://usefulinc.com/doap/licenses/asl20",
    "notice_text":null,
    "source_packages":[],
    "is_private":false,
    "is_virtual":false,
    "extra_data":{},
    "repository_homepage_url":null,
    "repository_download_url":null,
    "api_data_url":null,
    "package_uid":"pkg:apache/accumulo@1.6.1?uuid=fixed-uid-done-for-testing-5642512d1758",
    "datafile_paths":[],
    "datasource_ids":[
      "apache_json"
    ],
    "purl":"pkg:apache/accumulo@1.6.1"
  },
  {
    "type":"apache",
    "namespace":null,
    "name":"accumulo",
    "version":"1.6.0",
    "qualifiers":{},
    "subpath":null,
    "primary_language":"Java",
    "description":"The Apache Accumulo sorted, distributed key/value store is based on Google's BigTable design. It is built on top of Apache Hadoop, Apache Zookeeper, and Apache Thrift. It features a few novel improvements on the BigTable design in the form of cell-level access labels and a server-side programming mechanism that can modify key/value pairs at various points in the data management process.",
    "release_date":"2014-05-06",
    "parties":[
      {
        "type":"person",
        "role":"maintainer",
        "name":"Billie Rinaldi",
        "email":"billie@apache.org",
        "url":null
      }
    ],
    "keywords":[
      "database"
    ],
    "homepage_url":"https://accumulo.apache.org",
    "download_url":"https://accumulo.apache.org/downloads",
    "size":null,
    "sha1":null,
    "md5":null,
    "sha256":null,
    "sha512":null,
    "bug_tracking_url":"https://issues.apache.org/jira/browse/ACCUMULO",
    "code_view_url":"https://git-wip-us.apache.org/repos/asf/accumulo.git",
    "vcs_url":null,
    "copyright":null,
    "holder":null,
    "declared_license_expression":"apache-2.0",
    "declared_license_expression_spdx":"Apache-2.0",
    "license_detections":[],
    "other_license_expression":null,
    "other_license_expression_spdx":null,
    "other_license_detections":[],
    "extracted_license_statement":"http://usefulinc.com/doap/licenses/asl20",
    "notice_text":null,
    "source_packages":[],
    "is_private":false,
    "is_virtual":false,
    "extra_data":{},
    "repository_homepage_url":null,
    "repository_download_url":null,
    "api_data_url":null,
    "package_uid":"pkg:apache/accumulo@1.6.0?uuid=fixed-uid-done-for-testing-5642512d1758",
    "datafile_paths":[],
    "datasource_ids":[
      "apache_json"
    ],
    "purl":"pkg:apache/accumulo@1.6.0"
  },
  {
    "type":"apache",
    "namespace":null,
    "name":"accumulo",
    "version":"1.5.4",
    "qualifiers":{},
    "subpath":null,
    "primary_language":"Java",
    "description":"The Apache Accumulo sorted, distributed key/value store is based on Google's BigTable design. It is built on top of Apache Hadoop, Apache Zookeeper, and Apache Thrift. It features a few novel improvements on the BigTable design in the form of cell-level access labels and a server-side programming mechanism that can modify key/value pairs at various points in the data management process.",
    "release_date":"2015-09-20",
    "parties":[
      {
        "type":"person",
        "role":"maintainer",
        "name":"Billie Rinaldi",
        "email":"billie@apache.org",
        "url":null
      }
    ],
    "keywords":[
      "database"
    ],
    "homepage_url":"https://accumulo.apache.org",
    "download_url":"https://accumulo.apache.org/downloads",
    "size":null,
    "sha1":null,
    "md5":null,
    "sha256":null,
    "sha512":null,
    "bug_tracking_url":"https://issues.apache.org/jira/browse/ACCUMULO",
    "code_view_url":"https://git-wip-us.apache.org/repos/asf/accumulo.git",
    "vcs_url":null,
    "copyright":null,
    "holder":null,
    "declared_license_expression":"apache-2.0",
    "declared_license_expression_spdx":"Apache-2.0",
    "license_detections":[],
    "other_license_expression":null,
    "other_license_expression_spdx":null,
    "other_license_detections":[],
    "extracted_license_statement":"http://usefulinc.com/doap/licenses/asl20",
    "notice_text":null,
    "source_packages":[],
    "is_private":false,
    "is_virtual":false,
    "extra_data":{},
    "repository_homepage_url":null,
    "repository_download_url":null,
    "api_data_url":null,
    "package_uid":"pkg:apache/accumulo@1.5.4?uuid=fixed-uid-done-for-testing-5642512d1758",
    "datafile_paths":[],
    "datasource_ids":[
      "apache_json"
    ],
    "purl":"pkg:apache/accumulo@1.5.4"
  },
  {
    "type":"apache",
    "namespace":null,
    "name":"accumulo",
    "version":"1.5.3",
    "qualifiers":{},
    "subpath":null,
    "primary_language":"Java",
    "description":"The Apache Accumulo sorted, distributed key/value store is based on Google's BigTable design. It is built on top of Apache Hadoop, Apache Zookeeper, and Apache Thrift. It features a few novel improvements on the BigTable design in the form of cell-level access labels and a server-side programming mechanism that can modify key/value pairs at various points in the data management process.",
    "release_date":"2015-06-25",
    "parties":[
      {
        "type":"person",
        "role":"maintainer",
        "name":"Billie Rinaldi",
        "email":"billie@apache.org",
        "url":null
      }
    ],
    "keywords":[
      "database"
    ],
    "homepage_url":"https://accumulo.apache.org",
    "download_url":"https://accumulo.apache.org/downloads",
    "size":null,
    "sha1":null,
    "md5":null,
    "sha256":null,
    "sha512":null,
    "bug_tracking_url":"https://issues.apache.org/jira/browse/ACCUMULO",
    "code_view_url":"https://git-wip-us.apache.org/repos/asf/accumulo.git",
    "vcs_url":null,
    "copyright":null,
    "holder":null,
    "declared_license_expression":"apache-2.0",
    "declared_license_expression_spdx":"Apache-2.0",
    "license_detections":[],
    "other_license_expression":null,
    "other_license_expression_spdx":null,
    "other_license_detections":[],
    "extracted_license_statement":"http://usefulinc.com/doap/licenses/asl20",
    "notice_text":null,
    "source_packages":[],
    "is_private":false,
    "is_virtual":false,
    "extra_data":{},
    "repository_homepage_url":null,
    "repository_download_url":null,
    "api_data_url":null,
    "package_uid":"pkg:apache/accumulo@1.5.3?uuid=fixed-uid-done-for-testing-5642512d1758",
    "datafile_paths":[],
    "datasource_ids":[
      "apache_json"
    ],
    "purl":"pkg:apache/accumulo@1.5.3"
  },
  {
    "type":"apache",
    "namespace":null,
    "name":"accumulo",
    "version":"1.5.2",
    "qualifiers":{},
    "subpath":null,
    "primary_language":"Java",
    "description":"The Apache Accumulo sorted, distributed key/value store is based on Google's BigTable design. It is built on top of Apache Hadoop, Apache Zookeeper, and Apache Thrift. It features a few novel improvements on the BigTable design in the form of cell-level access labels and a server-side programming mechanism that can modify key/value pairs at various points in the data management process.",
    "release_date":"2014-09-22",
    "parties":[
      {
        "type":"person",
        "role":"maintainer",
        "name":"Billie Rinaldi",
        "email":"billie@apache.org",
        "url":null
      }
    ],
    "keywords":[
      "database"
    ],
    "homepage_url":"https://accumulo.apache.org",
    "download_url":"https://accumulo.apache.org/downloads",
    "size":null,
    "sha1":null,
    "md5":null,
    "sha256":null,
    "sha512":null,
    "bug_tracking_url":"https://issues.apache.org/jira/browse/ACCUMULO",
    "code_view_url":"https://git-wip-us.apache.org/repos/asf/accumulo.git",
    "vcs_url":null,
    "copyright":null,
    "holder":null,
    "declared_license_expression":"apache-2.0",
    "declared_license_expression_spdx":"Apache-2.0",
    "license_detections":[],
    "other_license_expression":null,
    "other_license_expression_spdx":null,
    "other_license_detections":[],
    "extracted_license_statement":"http://usefulinc.com/doap/licenses/asl20",
    "notice_text":null,
    "source_packages":[],
    "is_private":false,
    "is_virtual":false,
    "extra_data":{},
    "repository_homepage_url":null,
    "repository_download_url":null,
    "api_data_url":null,
    "package_uid":"pkg:apache/accumulo@1.5.2?uuid=fixed-uid-done-for-testing-5642512d1758",
    "datafile_paths":[],
    "datasource_ids":[
      "apache_json"
    ],
    "purl":"pkg:apache/accumulo@1.5.2"
  },
  {
    "type":"apache",
    "namespace":null,
    "name":"accumulo",
    "version":"1.5.1",
    "qualifiers":{},
    "subpath":null,
    "primary_language":"Java",
    "description":"The Apache Accumulo sorted, distributed key/value store is based on Google's BigTable design. It is built on top of Apache Hadoop, Apache Zookeeper, and Apache Thrift. It features a few novel improvements on the BigTable design in the form of cell-level access labels and a server-side programming mechanism that can modify key/value pairs at various points in the data management process.",
    "release_date":"2014-02-27",
    "parties":[
      {
        "type":"person",
        "role":"maintainer",
        "name":"Billie Rinaldi",
        "email":"billie@apache.org",
        "url":null
      }
    ],
    "keywords":[
      "database"
    ],
    "homepage_url":"https://accumulo.apache.org",
    "download_url":"https://accumulo.apache.org/downloads",
    "size":null,
    "sha1":null,
    "md5":null,
    "sha256":null,
    "sha512":null,
    "bug_tracking_url":"https://issues.apache.org/jira/browse/ACCUMULO",
    "code_view_url":"https://git-wip-us.apache.org/repos/asf/accumulo.git",
    "vcs_url":null,
    "copyright":null,
    "holder":null,
    "declared_license_expression":"apache-2.0",
    "declared_license_expression_spdx":"Apache-2.0",
    "license_detections":[],
    "other_license_expression":null,
    "other_license_expression_spdx":null,
    "other_license_detections":[],
    "extracted_license_statement":"http://usefulinc.com/doap/licenses/asl20",
    "notice_text":null,
    "source_packages":[],
    "is_private":false,
    "is_virtual":false,
    "extra_data":{},
    "repository_homepage_url":null,
    "repository_download_url":null,
    "api_data_url":null,
    "package_uid":"pkg:apache/accumulo@1.5.1?uuid=fixed-uid-done-for-testing-5642512d1758",
    "datafile_paths":[],
    "datasource_ids":[
      "apache_json"
    ],
    "purl":"pkg:apache/accumulo@1.5.1"
  },
  {
    "type":"apache",
    "namespace":null,
    "name":"accumulo",
    "version":"1.4.5",
    "qualifiers":{},
    "subpath":null,
    "primary_language":"Java",
    "description":"The Apache Accumulo sorted, distributed key/value store is based on Google's BigTable design. It is built on top of Apache Hadoop, Apache Zookeeper, and Apache Thrift. It features a few novel improvements on the BigTable design in the form of cell-level access labels and a server-side programming mechanism that can modify key/value pairs at various points in the data management process.",
    "release_date":"2014-04-03",
    "parties":[
      {
        "type":"person",
        "role":"maintainer",
        "name":"Billie Rinaldi",
        "email":"billie@apache.org",
        "url":null
      }
    ],
    "keywords":[
      "database"
    ],
    "homepage_url":"https://accumulo.apache.org",
    "download_url":"https://accumulo.apache.org/downloads",
    "size":null,
    "sha1":null,
    "md5":null,
    "sha256":null,
    "sha512":null,
    "bug_tracking_url":"https://issues.apache.org/jira/browse/ACCUMULO",
    "code_view_url":"https://git-wip-us.apache.org/repos/asf/accumulo.git",
    "vcs_url":null,
    "copyright":null,
    "holder":null,
    "declared_license_expression":"apache-2.0",
    "declared_license_expression_spdx":"Apache-2.0",
    "license_detections":[],
    "other_license_expression":null,
    "other_license_expression_spdx":null,
    "other_license_detections":[],
    "extracted_license_statement":"http://usefulinc.com/doap/licenses/asl20",
    "notice_text":null,
    "source_packages":[],
    "is_private":false,
    "is_virtual":false,
    "extra_data":{},
    "repository_homepage_url":null,
    "repository_download_url":null,
    "api_data_url":null,
    "package_uid":"pkg:apache/accumulo@1.4.5?uuid=fixed-uid-done-for-testing-5642512d1758",
    "datafile_paths":[],
    "datasource_ids":[
      "apache_json"
    ],
    "purl":"pkg:apache/accumulo@1.4.5"
  },
  {
    "type":"apache",
    "namespace":null,
    "name":"accumulo",
    "version":"1.3.6",
    "qualifiers":{},
    "subpath":null,
    "primary_language":"Java",
    "description":"The Apache Accumulo sorted, distributed key/value store is based on Google's BigTable design. It is built on top of Apache Hadoop, Apache Zookeeper, and Apache Thrift. It features a few novel improvements on the BigTable design in the form of cell-level access labels and a server-side programming mechanism that can modify key/value pairs at various points in the data management process.",
    "release_date":"2012-07-09",
    "parties":[
      {
        "type":"person",
        "role":"maintainer",
        "name":"Billie Rinaldi",
        "email":"billie@apache.org",
        "url":null
      }
    ],
    "keywords":[
      "database"
    ],
    "homepage_url":"https://accumulo.apache.org",
    "download_url":"https://accumulo.apache.org/downloads",
    "size":null,
    "sha1":null,
    "md5":null,
    "sha256":null,
    "sha512":null,
    "bug_tracking_url":"https://issues.apache.org/jira/browse/ACCUMULO",
    "code_view_url":"https://git-wip-us.apache.org/repos/asf/accumulo.git",
    "vcs_url":null,
    "copyright":null,
    "holder":null,
    "declared_license_expression":"apache-2.0",
    "declared_license_expression_spdx":"Apache-2.0",
    "license_detections":[],
    "other_license_expression":null,
    "other_license_expression_spdx":null,
    "other_license_detections":[],
    "extracted_license_statement":"http://usefulinc.com/doap/licenses/asl20",
    "notice_text":null,
    "source_packages":[],
    "is_private":false,
    "is_virtual":false,
    "extra_data":{},
    "repository_homepage_url":null,
    "repository_download_url":null,
    "api_data_url":null,
    "package_uid":"pkg:apache/accumulo@1.3.6?uuid=fixed-uid-done-for-testing-5642512d1758",
    "datafile_paths":[],
    "datasource_ids":[
      "apache_json"
    ],
    "purl":"pkg:apache/accumulo@1.3.6"
  },
  {
    "type":"apache",
    "namespace":null,
    "name":"ace",
    "version":"0.8.1",
    "qualifiers":{},
    "subpath":null,
    "primary_language":"Java",
    "description":"Apache ACE is a distribution framework that allows you to centrally manage and distribute software components, configuration data and other artifacts to target systems. It is built using OSGi and can be deployed in different topologies. The target systems are usually also OSGi based, but don't have to be.\nWhen assembling software out of reusable components, the task of deploying software onto an ever increasing number of targets is not trivial to solve. This becomes even harder when these targets require different components based on who's using them.\n\nApache ACE allows you to group those components and assign them to a managed set of targets. This allows you to distribute updates and new components easily, while keeping a full history of what was installed where during what period. It also helps you setup an automated development, QA/testing, staging and production environment.",
    "release_date":"2011-12-13",
    "parties":[
      {
        "type":"person",
        "role":"maintainer",
        "name":"Apache ACE PMC",
        "email":"dev@ace.apache.org",
        "url":null
      }
    ],
    "keywords":[
      "osgi"
    ],
    "homepage_url":"http://ace.apache.org",
    "download_url":"http://ace.apache.org/downloads.html",
    "size":null,
    "sha1":null,
    "md5":null,
    "sha256":null,
    "sha512":null,
    "bug_tracking_url":"https://issues.apache.org/jira/browse/ace",
    "code_view_url":"http://svn.apache.org/repos/asf/ace",
    "vcs_url":null,
    "copyright":null,
    "holder":null,
    "declared_license_expression":"apache-2.0",
    "declared_license_expression_spdx":"Apache-2.0",
    "license_detections":[],
    "other_license_expression":null,
    "other_license_expression_spdx":null,
    "other_license_detections":[],
    "extracted_license_statement":"http://usefulinc.com/doap/licenses/asl20",
    "notice_text":null,
    "source_packages":[],
    "is_private":false,
    "is_virtual":false,
    "extra_data":{},
    "repository_homepage_url":null,
    "repository_download_url":null,
    "api_data_url":null,
    "package_uid":"pkg:apache/ace@0.8.1?uuid=fixed-uid-done-for-testing-5642512d1758",
    "datafile_paths":[],
    "datasource_ids":[
      "apache_json"
    ],
    "purl":"pkg:apache/ace@0.8.1"
  },
  {
    "type":"apache",
    "namespace":null,
    "name":"airavata",
    "version":"0.11",
    "qualifiers":{},
    "subpath":null,
    "primary_language":"Java",
    "description":"Apache Airavata is a distributed system software framework to manage simple to\n            composite applications with complex execution and workflow patterns on diverse\n            computational resources. \nApache Airavata is a micro-service architecture based software framework for\n            executing and managing computational jobs and workflows on distributed computing\n            resources including local clusters, supercomputers, national grids, academic and\n            commercial clouds. Airavata is dominantly used to build Web-based science gateways and\n            assist to compose, manage, execute, and monitor large scale applications (wrapped as Web\n            services) and workflows composed of these services.",
    "release_date":"2014-01-01",
    "parties":[
      {
        "type":"person",
        "role":"maintainer",
        "name":"Suresh Marru",
        "email":"smarru@apache.org",
        "url":null
      }
    ],
    "keywords":[
      "network-server",
      "cloud",
      "big-data"
    ],
    "homepage_url":"http://airavata.apache.org",
    "download_url":"http://airavata.apache.org/about/downloads.html",
    "size":null,
    "sha1":null,
    "md5":null,
    "sha256":null,
    "sha512":null,
    "bug_tracking_url":"https://issues.apache.org/jira/browse/airavata",
    "code_view_url":"https://git.apache.org/repos/asf/airavata.git",
    "vcs_url":null,
    "copyright":null,
    "holder":null,
    "declared_license_expression":"apache-2.0",
    "declared_license_expression_spdx":"Apache-2.0",
    "license_detections":[],
    "other_license_expression":null,
    "other_license_expression_spdx":null,
    "other_license_detections":[],
    "extracted_license_statement":"http://usefulinc.com/doap/licenses/asl20",
    "notice_text":null,
    "source_packages":[],
    "is_private":false,
    "is_virtual":false,
    "extra_data":{},
    "repository_homepage_url":null,
    "repository_download_url":null,
    "api_data_url":null,
    "package_uid":"pkg:apache/airavata@0.11?uuid=fixed-uid-done-for-testing-5642512d1758",
    "datafile_paths":[],
    "datasource_ids":[
      "apache_json"
    ],
    "purl":"pkg:apache/airavata@0.11"
  }
]