[
  {
    "type":"generic",
    "namespace":null,
    "name":"openssl-1.0.2-stable-SNAP-20180518.tar.gz",
    "version":"1.0.2-stable-SNAP-20180518",
    "qualifiers":{},
    "subpath":null,
    "primary_language":null,
    "description":"The OpenSSL Project is a collaborative effort to develop a robust, commercial-grade, fully featured, and Open Source toolkit implementing the Transport Layer Security (TLS) protocols (including SSLv3) as well as a full-strength general purpose cryptographic library.",
    "release_date":"2014-11-19",
    "parties":[],
    "keywords":[],
    "homepage_url":"https://www.openssl.org/",
    "download_url":"https://ftp.openssl.org/snapshot/openssl-1.0.2-stable-SNAP-20180518.tar.gz",
    "size":527,
    "sha1":null,
    "md5":null,
    "sha256":null,
    "sha512":null,
    "bug_tracking_url":"https://github.com/openssl/openssl/issues",
    "code_view_url":"https://github.com/openssl/openssl",
    "vcs_url":"git+https://github.com/openssl/openssl.git",
    "copyright":"Copyright (c) 1998-2018 The OpenSSL Project\nCopyright (c) 1995-1998 Eric A. Young, Tim J. Hudson\nAll rights reserved.",
    "holder":null,
    "declared_license_expression":"openssl-ssleay",
    "declared_license_expression_spdx":"OpenSSL",
    "license_detections":[
      {
        "license_expression":"openssl-ssleay",
        "license_expression_spdx":"OpenSSL",
        "matches":[
          {
            "license_expression":"openssl-ssleay",
            "spdx_license_expression":"OpenSSL",
            "from_file":null,
            "start_line":1,
            "end_line":1,
            "matcher":"1-hash",
            "score":100.0,
            "matched_length":2,
            "match_coverage":100.0,
            "rule_relevance":100,
            "rule_identifier":"openssl-ssleay_2.RULE",
            "rule_url":"https://github.com/nexB/scancode-toolkit/tree/develop/src/licensedcode/data/rules/openssl-ssleay_2.RULE",
            "matched_text":"OpenSSL License"
          }
        ],
        "identifier":"openssl_ssleay-0967947a-f286-908c-a7e9-120531930cb6"
      }
    ],
    "other_license_expression":null,
    "other_license_expression_spdx":null,
    "other_license_detections":[],
    "extracted_license_statement":"OpenSSL License",
    "notice_text":null,
    "source_packages":[],
    "extra_data":{},
    "repository_homepage_url":null,
    "repository_download_url":null,
    "api_data_url":null,
    "package_uid":"pkg:generic/openssl-1.0.2-stable-SNAP-20180518.tar.gz@1.0.2-stable-SNAP-20180518?uuid=fixed-uid-done-for-testing-5642512d1758",
    "datafile_paths":[],
    "datasource_ids":[],
    "purl":"pkg:generic/openssl-1.0.2-stable-SNAP-20180518.tar.gz@1.0.2-stable-SNAP-20180518"
  }
]