[
  {
    "type":"maven",
    "namespace":"",
    "name":"Foo",
    "version":"",
    "qualifiers":"",
    "subpath":"",
    "package_sets":[],
    "package_content":null,
    "primary_language":null,
    "description":null,
    "release_date":null,
    "parties":[],
    "keywords":[],
    "homepage_url":null,
    "download_url":"http://example.com",
    "size":null,
    "md5":null,
    "sha1":null,
    "sha256":null,
    "sha512":null,
    "bug_tracking_url":null,
    "code_view_url":null,
    "vcs_url":null,
    "copyright":null,
    "holder":null,
    "declared_license_expression":"apache-2.0 and unknown",
    "declared_license_expression_spdx":"Apache-2.0 AND LicenseRef-scancode-unknown",
    "license_detections":[],
    "other_license_expression":null,
    "other_license_expression_spdx":null,
    "other_license_detections":[],
    "extracted_license_statement":null,
    "notice_text":null,
    "source_packages":[],
    "extra_data":{},
    "dependencies":[],
    "package_uid":"pkg:maven/Foo?uuid=fixed-uid-done-for-testing-5642512d1758",
    "datasource_id":null,
    "purl":"pkg:maven/Foo",
    "repository_homepage_url":null,
    "repository_download_url":null,
    "api_data_url":null,
    "file_references":[]
  }
]