[
  {
    "type":"composer",
    "namespace":null,
    "name":"00f100/cakephp-opauth",
    "version":"dev-master",
    "qualifiers":{},
    "subpath":null,
    "primary_language":"PHP",
    "description":"Opauth plugin for CakePHP v3.x, allowing simple plug-n-play 3rd-party authentication with CakePHP",
    "release_date":null,
    "parties":[
      {
        "type":null,
        "role":"author",
        "name":"Wouter van Os",
        "email":"wouter@wouter0100.nl",
        "url":"http://wouter0100.nl"
      },
      {
        "type":null,
        "role":"author",
        "name":"Joao Moraes",
        "email":"joaomoraesbr@gmail.com",
        "url":null
      }
    ],
    "keywords":[
      "Authentication",
      "oauth",
      "cakephp",
      "auth",
      "OPAuth"
    ],
    "homepage_url":"http://opauth.org",
    "download_url":"https://api.github.com/repos/00F100/cakephp-opauth/zipball/c82879adc50afb5a5e95436ef057dfefffe02607",
    "size":null,
    "sha1":"",
    "md5":null,
    "sha256":null,
    "sha512":null,
    "bug_tracking_url":null,
    "code_view_url":null,
    "vcs_url":"git+https://github.com/00F100/cakephp-opauth.git",
    "copyright":null,
    "holder":null,
    "declared_license_expression":"mit",
    "declared_license_expression_spdx":"MIT",
    "license_detections":[
      {
        "license_expression":"mit",
        "license_expression_spdx":"MIT",
        "matches":[
          {
            "license_expression":"mit",
            "spdx_license_expression":"MIT",
            "from_file":null,
            "start_line":1,
            "end_line":1,
            "matcher":"1-spdx-id",
            "score":100.0,
            "matched_length":1,
            "match_coverage":100.0,
            "rule_relevance":100,
            "rule_identifier":"spdx-license-identifier-mit-5da48780aba670b0860c46d899ed42a0f243ff06",
            "rule_url":null,
            "matched_text":"MIT"
          }
        ],
        "identifier":"mit-a822f434-d61f-f2b1-c792-8b8cb9e7b9bf"
      }
    ],
    "other_license_expression":null,
    "other_license_expression_spdx":null,
    "other_license_detections":[],
    "extracted_license_statement":"- MIT\n",
    "notice_text":null,
    "source_packages":[],
    "extra_data":{},
    "repository_homepage_url":null,
    "repository_download_url":null,
    "api_data_url":null,
    "package_uid":"pkg:composer/00f100/cakephp-opauth@dev-master?uuid=fixed-uid-done-for-testing-5642512d1758",
    "datafile_paths":[],
    "datasource_ids":[],
    "purl":"pkg:composer/00f100/cakephp-opauth@dev-master"
  }
]