{
  "type":"golang",
  "namespace":"github.com/golang",
  "name":"glog",
  "version":null,
  "qualifiers":{},
  "subpath":null,
  "primary_language":"Go",
  "description":"Package glog implements logging analogous to the Google-internal C++ INFO/ERROR/V setup.",
  "release_date":null,
  "parties":[],
  "keywords":[],
  "homepage_url":"https://github.com/golang/glog",
  "download_url":null,
  "size":null,
  "sha1":null,
  "md5":null,
  "sha256":null,
  "sha512":null,
  "bug_tracking_url":null,
  "code_view_url":null,
  "vcs_url":"git+https://github.com/golang/glog",
  "copyright":null,
  "holder":null,
  "declared_license_expression":null,
  "declared_license_expression_spdx":null,
  "license_detections":[],
  "other_license_expression":null,
  "other_license_expression_spdx":null,
  "other_license_detections":[],
  "extracted_license_statement":null,
  "notice_text":null,
  "source_packages":[],
  "is_private":false,
  "is_virtual":false,
  "extra_data":{},
  "repository_homepage_url":null,
  "repository_download_url":null,
  "api_data_url":null,
  "package_uid":"pkg:golang/github.com/golang/glog?uuid=fixed-uid-done-for-testing-5642512d1758",
  "datafile_paths":[],
  "datasource_ids":[],
  "purl":"pkg:golang/github.com/golang/glog"
}