[
  {
    "api_data_url": null,
    "bug_tracking_url": null,
    "code_view_url": null,
    "copyright": null,
    "datasource_id": "conda_api_metadata",
    "declared_license_expression": "bsd-new",
    "declared_license_expression_spdx": "BSD-3-Clause",
    "dependencies": [
      {
        "extra_data": {},
        "extracted_requirement": null,
        "is_direct": true,
        "is_optional": false,
        "is_pinned": false,
        "is_runtime": true,
        "purl": "pkg:conan/libgcc-ng",
        "resolved_package": {},
        "scope": null
      },
      {
        "extra_data": {},
        "extracted_requirement": null,
        "is_direct": true,
        "is_optional": false,
        "is_pinned": false,
        "is_runtime": true,
        "purl": "pkg:conan/libgfortran-ng",
        "resolved_package": {},
        "scope": null
      },
      {
        "extra_data": {},
        "extracted_requirement": null,
        "is_direct": true,
        "is_optional": false,
        "is_pinned": false,
        "is_runtime": true,
        "purl": "pkg:conan/numpy-base",
        "resolved_package": {},
        "scope": null
      },
      {
        "extra_data": {},
        "extracted_requirement": null,
        "is_direct": true,
        "is_optional": false,
        "is_pinned": false,
        "is_runtime": true,
        "purl": "pkg:conan/python",
        "resolved_package": {},
        "scope": null
      }
    ],
    "description": null,
    "download_url": "https://repo.anaconda.com/pkgs/main/linux-64/numpy-1.11.3-py27h1b885b7_8.conda",
    "extra_data": {},
    "extracted_license_statement": "- BSD 3-Clause\n",
    "file_references": [],
    "holder": null,
    "homepage_url": null,
    "is_private": false,
    "is_virtual": false,
    "keywords": [],
    "license_detections": [
      {
        "identifier": "bsd_new-50fa5753-f24d-ec04-33a1-36bb8ac0492c",
        "license_expression": "bsd-new",
        "license_expression_spdx": "BSD-3-Clause",
        "matches": [
          {
            "end_line": 1,
            "from_file": null,
            "license_expression": "bsd-new",
            "license_expression_spdx": "BSD-3-Clause",
            "match_coverage": 100.0,
            "matched_length": 3,
            "matched_text": "BSD 3-Clause",
            "matcher": "1-hash",
            "rule_identifier": "bsd-new_10.RULE",
            "rule_relevance": 100,
            "rule_url": "https://github.com/nexB/scancode-toolkit/tree/develop/src/licensedcode/data/rules/bsd-new_10.RULE",
            "score": 100.0,
            "start_line": 1
          }
        ]
      }
    ],
    "md5": "57d14eb0098432d8a03d87bb09ab3fa4",
    "name": "numpy",
    "namespace": null,
    "notice_text": null,
    "other_license_detections": [],
    "other_license_expression": null,
    "other_license_expression_spdx": null,
    "parties": [],
    "primary_language": null,
    "purl": "pkg:conda/numpy@1.11.3?build=py27h1b885b7_8&subdir=linux-64&type=conda",
    "qualifiers": {
      "build": "py27h1b885b7_8",
      "subdir": "linux-64",
      "type": "conda"
    },
    "release_date": null,
    "repository_download_url": null,
    "repository_homepage_url": null,
    "sha1": null,
    "sha256": "fabbdc2d870a26bf24707e301da84377d0aae09f9a97add4cca2a53e075c57ed",
    "sha512": null,
    "size": 10127,
    "source_packages": [],
    "subpath": null,
    "type": "conda",
    "vcs_url": null,
    "version": "1.11.3"
  }
]