[
  {
    "type":"npm",
    "namespace":null,
    "name":"0flux",
    "version":"0.0.1",
    "qualifiers":{},
    "subpath":null,
    "primary_language":"JavaScript",
    "description":"Typed state management",
    "release_date":null,
    "parties":[
      {
        "type":"person",
        "role":"author",
        "name":"Matt Baker",
        "email":null,
        "url":null
      },
      {
        "type":"person",
        "role":"maintainer",
        "name":"reissbaker",
        "email":"matthew.reiss.baker@gmail.com",
        "url":null
      }
    ],
    "keywords":[],
    "homepage_url":null,
    "download_url":"https://registry.npmjs.org/0flux/-/0flux-0.0.1.tgz",
    "size":null,
    "sha1":"b7537784b444fdee22a631f12f2745b58cb758c2",
    "md5":null,
    "sha256":null,
    "sha512":null,
    "bug_tracking_url":null,
    "code_view_url":null,
    "vcs_url":"git+https://github.com/reissbaker/0flux.git@1c3b277743eb01c401582c754bda7bb1298df00d",
    "copyright":null,
    "holder":null,
    "declared_license_expression":"isc",
    "declared_license_expression_spdx":"ISC",
    "license_detections":[
      {
        "license_expression":"isc",
        "license_expression_spdx":"ISC",
        "matches":[
          {
            "license_expression":"isc",
            "spdx_license_expression":"ISC",
            "from_file":null,
            "start_line":1,
            "end_line":1,
            "matcher":"1-spdx-id",
            "score":100.0,
            "matched_length":1,
            "match_coverage":100.0,
            "rule_relevance":100,
            "rule_identifier":"spdx-license-identifier-isc-9931cb7ad33c2eb18f322c94660b670a84186baa",
            "rule_url":null,
            "matched_text":"ISC"
          }
        ],
        "identifier":"isc-6c4320cc-eb5b-3792-8c56-b8565fff1119"
      }
    ],
    "other_license_expression":null,
    "other_license_expression_spdx":null,
    "other_license_detections":[],
    "extracted_license_statement":"- ISC\n",
    "notice_text":null,
    "source_packages":[],
    "file_references":[],
    "extra_data":{},
    "dependencies":[],
    "repository_homepage_url":"https://www.npmjs.com/package/0flux",
    "repository_download_url":"https://registry.npmjs.org/0flux/-/0flux-0.0.1.tgz",
    "api_data_url":"https://registry.npmjs.org/0flux/0.0.1",
    "datasource_id":"npm_package_json",
    "purl":"pkg:npm/0flux@0.0.1"
  },
  {
    "type":"npm",
    "namespace":null,
    "name":"0flux",
    "version":"0.0.2",
    "qualifiers":{},
    "subpath":null,
    "primary_language":"JavaScript",
    "description":"Typed state management",
    "release_date":null,
    "parties":[
      {
        "type":"person",
        "role":"author",
        "name":"Matt Baker",
        "email":null,
        "url":null
      },
      {
        "type":"person",
        "role":"maintainer",
        "name":"reissbaker",
        "email":"matthew.reiss.baker@gmail.com",
        "url":null
      }
    ],
    "keywords":[],
    "homepage_url":null,
    "download_url":"https://registry.npmjs.org/0flux/-/0flux-0.0.2.tgz",
    "size":null,
    "sha1":"488ea61763f0cfc219336918e23df2ad6559ae51",
    "md5":null,
    "sha256":null,
    "sha512":null,
    "bug_tracking_url":null,
    "code_view_url":null,
    "vcs_url":"git+https://github.com/reissbaker/0flux.git@bcea414e2128cb37d704858814e3ec7f0d151b0d",
    "copyright":null,
    "holder":null,
    "declared_license_expression":"isc",
    "declared_license_expression_spdx":"ISC",
    "license_detections":[
      {
        "license_expression":"isc",
        "license_expression_spdx":"ISC",
        "matches":[
          {
            "license_expression":"isc",
            "spdx_license_expression":"ISC",
            "from_file":null,
            "start_line":1,
            "end_line":1,
            "matcher":"1-spdx-id",
            "score":100.0,
            "matched_length":1,
            "match_coverage":100.0,
            "rule_relevance":100,
            "rule_identifier":"spdx-license-identifier-isc-9931cb7ad33c2eb18f322c94660b670a84186baa",
            "rule_url":null,
            "matched_text":"ISC"
          }
        ],
        "identifier":"isc-6c4320cc-eb5b-3792-8c56-b8565fff1119"
      }
    ],
    "other_license_expression":null,
    "other_license_expression_spdx":null,
    "other_license_detections":[],
    "extracted_license_statement":"- ISC\n",
    "notice_text":null,
    "source_packages":[],
    "file_references":[],
    "extra_data":{},
    "dependencies":[],
    "repository_homepage_url":"https://www.npmjs.com/package/0flux",
    "repository_download_url":"https://registry.npmjs.org/0flux/-/0flux-0.0.2.tgz",
    "api_data_url":"https://registry.npmjs.org/0flux/0.0.2",
    "datasource_id":"npm_package_json",
    "purl":"pkg:npm/0flux@0.0.2"
  },
  {
    "type":"npm",
    "namespace":null,
    "name":"0flux",
    "version":"0.0.3",
    "qualifiers":{},
    "subpath":null,
    "primary_language":"JavaScript",
    "description":"Typed state management",
    "release_date":null,
    "parties":[
      {
        "type":"person",
        "role":"author",
        "name":"Matt Baker",
        "email":null,
        "url":null
      },
      {
        "type":"person",
        "role":"maintainer",
        "name":"reissbaker",
        "email":"matthew.reiss.baker@gmail.com",
        "url":null
      }
    ],
    "keywords":[],
    "homepage_url":null,
    "download_url":"https://registry.npmjs.org/0flux/-/0flux-0.0.3.tgz",
    "size":null,
    "sha1":"68cf8ae68c2c6280af69d8a152bdce88ccaaac29",
    "md5":null,
    "sha256":null,
    "sha512":null,
    "bug_tracking_url":null,
    "code_view_url":null,
    "vcs_url":"git+https://github.com/reissbaker/0flux.git@b4f31f6e62f1827c8cefba12389211b5866206aa",
    "copyright":null,
    "holder":null,
    "declared_license_expression":"isc",
    "declared_license_expression_spdx":"ISC",
    "license_detections":[
      {
        "license_expression":"isc",
        "license_expression_spdx":"ISC",
        "matches":[
          {
            "license_expression":"isc",
            "spdx_license_expression":"ISC",
            "from_file":null,
            "start_line":1,
            "end_line":1,
            "matcher":"1-spdx-id",
            "score":100.0,
            "matched_length":1,
            "match_coverage":100.0,
            "rule_relevance":100,
            "rule_identifier":"spdx-license-identifier-isc-9931cb7ad33c2eb18f322c94660b670a84186baa",
            "rule_url":null,
            "matched_text":"ISC"
          }
        ],
        "identifier":"isc-6c4320cc-eb5b-3792-8c56-b8565fff1119"
      }
    ],
    "other_license_expression":null,
    "other_license_expression_spdx":null,
    "other_license_detections":[],
    "extracted_license_statement":"- ISC\n",
    "notice_text":null,
    "source_packages":[],
    "file_references":[],
    "extra_data":{},
    "dependencies":[],
    "repository_homepage_url":"https://www.npmjs.com/package/0flux",
    "repository_download_url":"https://registry.npmjs.org/0flux/-/0flux-0.0.3.tgz",
    "api_data_url":"https://registry.npmjs.org/0flux/0.0.3",
    "datasource_id":"npm_package_json",
    "purl":"pkg:npm/0flux@0.0.3"
  },
  {
    "type":"npm",
    "namespace":null,
    "name":"0flux",
    "version":"0.0.4",
    "qualifiers":{},
    "subpath":null,
    "primary_language":"JavaScript",
    "description":"Typed state management",
    "release_date":null,
    "parties":[
      {
        "type":"person",
        "role":"author",
        "name":"Matt Baker",
        "email":null,
        "url":null
      },
      {
        "type":"person",
        "role":"maintainer",
        "name":"reissbaker",
        "email":"matthew.reiss.baker@gmail.com",
        "url":null
      }
    ],
    "keywords":[],
    "homepage_url":null,
    "download_url":"https://registry.npmjs.org/0flux/-/0flux-0.0.4.tgz",
    "size":null,
    "sha1":"fd6307538e680617a520b3d28521bbc6979eaa01",
    "md5":null,
    "sha256":null,
    "sha512":null,
    "bug_tracking_url":null,
    "code_view_url":null,
    "vcs_url":"git+https://github.com/reissbaker/0flux.git@82663ce575af51bfee9b6a46d34c76b528759d3a",
    "copyright":null,
    "holder":null,
    "declared_license_expression":"isc",
    "declared_license_expression_spdx":"ISC",
    "license_detections":[
      {
        "license_expression":"isc",
        "license_expression_spdx":"ISC",
        "matches":[
          {
            "license_expression":"isc",
            "spdx_license_expression":"ISC",
            "from_file":null,
            "start_line":1,
            "end_line":1,
            "matcher":"1-spdx-id",
            "score":100.0,
            "matched_length":1,
            "match_coverage":100.0,
            "rule_relevance":100,
            "rule_identifier":"spdx-license-identifier-isc-9931cb7ad33c2eb18f322c94660b670a84186baa",
            "rule_url":null,
            "matched_text":"ISC"
          }
        ],
        "identifier":"isc-6c4320cc-eb5b-3792-8c56-b8565fff1119"
      }
    ],
    "other_license_expression":null,
    "other_license_expression_spdx":null,
    "other_license_detections":[],
    "extracted_license_statement":"- ISC\n",
    "notice_text":null,
    "source_packages":[],
    "file_references":[],
    "extra_data":{},
    "dependencies":[],
    "repository_homepage_url":"https://www.npmjs.com/package/0flux",
    "repository_download_url":"https://registry.npmjs.org/0flux/-/0flux-0.0.4.tgz",
    "api_data_url":"https://registry.npmjs.org/0flux/0.0.4",
    "datasource_id":"npm_package_json",
    "purl":"pkg:npm/0flux@0.0.4"
  }
]