[
  {
    "type":"npm",
    "namespace":null,
    "name":"2112",
    "version":"2.1.12",
    "qualifiers":{},
    "subpath":null,
    "primary_language":"JavaScript",
    "description":"Zshhweiiiiiiiinnngggg PA-RAM",
    "release_date":null,
    "parties":[
      {
        "type":"person",
        "role":"author",
        "name":"Leandro Ostera",
        "email":"leandro@ostera.io",
        "url":null
      },
      {
        "type":"person",
        "role":"maintainer",
        "name":"leostera",
        "email":"leandro@ostera.io",
        "url":null
      }
    ],
    "keywords":[
      "rush",
      "2112"
    ],
    "homepage_url":"https://github.com/ostera/2112#readme",
    "download_url":"https://registry.npmjs.org/2112/-/2112-2.1.12.tgz",
    "size":null,
    "sha1":"98647bbba1111a3511783c48c35556191d0c71f0",
    "md5":null,
    "sha256":null,
    "sha512":null,
    "bug_tracking_url":"https://github.com/ostera/2112/issues",
    "code_view_url":null,
    "vcs_url":"git+https://github.com/ostera/2112.git",
    "copyright":null,
    "holder":null,
    "declared_license_expression":"mit",
    "declared_license_expression_spdx":"MIT",
    "license_detections":[
      {
        "license_expression":"mit",
        "license_expression_spdx":"MIT",
        "matches":[
          {
            "license_expression":"mit",
            "spdx_license_expression":"MIT",
            "from_file":null,
            "start_line":1,
            "end_line":1,
            "matcher":"1-spdx-id",
            "score":100.0,
            "matched_length":1,
            "match_coverage":100.0,
            "rule_relevance":100,
            "rule_identifier":"spdx-license-identifier-mit-5da48780aba670b0860c46d899ed42a0f243ff06",
            "rule_url":null,
            "matched_text":"MIT"
          }
        ],
        "identifier":"mit-a822f434-d61f-f2b1-c792-8b8cb9e7b9bf"
      }
    ],
    "other_license_expression":null,
    "other_license_expression_spdx":null,
    "other_license_detections":[],
    "extracted_license_statement":"- MIT\n",
    "notice_text":null,
    "source_packages":[],
    "file_references":[],
    "extra_data":{},
    "dependencies":[],
    "repository_homepage_url":"https://www.npmjs.com/package/2112",
    "repository_download_url":"https://registry.npmjs.org/2112/-/2112-2.1.12.tgz",
    "api_data_url":"https://registry.npmjs.org/2112/2.1.12",
    "datasource_id":"npm_package_json",
    "purl":"pkg:npm/2112@2.1.12"
  }
]