[
  {
    "type":"eclipse",
    "namespace":null,
    "name":"birt",
    "version":null,
    "qualifiers":{},
    "subpath":null,
    "primary_language":null,
    "description":"<p>BIRT is an open source Eclipse-based reporting system that integrates with your Java/Java EE application to produce compelling reports.</p>\r\n",
    "release_date":null,
    "parties":[],
    "keywords":[],
    "homepage_url":"http://www.eclipse.org/birt/",
    "download_url":"http://download.eclipse.org/birt/downloads/",
    "size":null,
    "sha1":null,
    "md5":null,
    "sha256":null,
    "sha512":null,
    "bug_tracking_url":"https://bugs.eclipse.org/bugs/buglist.cgi?product=BIRT",
    "code_view_url":null,
    "vcs_url":null,
    "copyright":null,
    "holder":null,
    "declared_license_expression":"epl-1.0",
    "declared_license_expression_spdx":"EPL-1.0",
    "license_detections":[
      {
        "license_expression":"epl-1.0",
        "license_expression_spdx":"EPL-1.0",
        "matches":[
          {
            "license_expression":"epl-1.0",
            "spdx_license_expression":"EPL-1.0",
            "from_file":null,
            "start_line":1,
            "end_line":1,
            "matcher":"1-hash",
            "score":100.0,
            "matched_length":5,
            "match_coverage":100.0,
            "rule_relevance":100,
            "rule_identifier":"epl-1.0_1.RULE",
            "rule_url":"https://github.com/nexB/scancode-toolkit/tree/develop/src/licensedcode/data/rules/epl-1.0_1.RULE",
            "matched_text":"Eclipse Public License 1.0"
          }
        ],
        "identifier":"epl_1_0-1b838e69-b938-2a9c-181b-8857f335c32e"
      }
    ],
    "other_license_expression":null,
    "other_license_expression_spdx":null,
    "other_license_detections":[],
    "extracted_license_statement":"- Eclipse Public License 1.0\n",
    "notice_text":null,
    "source_packages":[],
    "extra_data":{},
    "repository_homepage_url":null,
    "repository_download_url":null,
    "api_data_url":null,
    "package_uid":"pkg:eclipse/birt?uuid=fixed-uid-done-for-testing-5642512d1758",
    "datafile_paths":[],
    "datasource_ids":[],
    "purl":"pkg:eclipse/birt"
  }
]