[
  {
    "type":"github",
    "namespace":"collectiveidea",
    "name":"calendar_builder",
    "version":null,
    "qualifiers":{},
    "subpath":null,
    "primary_language":"Ruby",
    "description":null,
    "release_date":null,
    "parties":[
      {
        "type":"person",
        "role":"owner",
        "name":"Collective Idea",
        "email":null,
        "url":null
      }
    ],
    "keywords":[],
    "homepage_url":"https://github.com/collectiveidea/calendar_builder",
    "download_url":"https://github.com/collectiveidea/calendar_builder/archive/master.zip",
    "size":188,
    "sha1":null,
    "md5":null,
    "sha256":null,
    "sha512":null,
    "bug_tracking_url":null,
    "code_view_url":null,
    "vcs_url":"git+('git://github.com/collectiveidea/calendar_builder.git',)",
    "copyright":null,
    "holder":null,
    "declared_license_expression":null,
    "declared_license_expression_spdx":null,
    "license_detections":[],
    "other_license_expression":null,
    "other_license_expression_spdx":null,
    "other_license_detections":[],
    "extracted_license_statement":null,
    "notice_text":null,
    "source_packages":[],
    "is_private":false,
    "is_virtual":false,
    "extra_data":{},
    "repository_homepage_url":null,
    "repository_download_url":null,
    "api_data_url":null,
    "package_uid":"pkg:github/collectiveidea/calendar_builder?uuid=fixed-uid-done-for-testing-5642512d1758",
    "datafile_paths":[],
    "datasource_ids":[],
    "purl":"pkg:github/collectiveidea/calendar_builder"
  },
  {
    "type":"github",
    "namespace":"collectiveidea",
    "name":"calendar_builder",
    "version":null,
    "qualifiers":{},
    "subpath":null,
    "primary_language":"Ruby",
    "description":null,
    "release_date":null,
    "parties":[
      {
        "type":"person",
        "role":"owner",
        "name":"Collective Idea",
        "email":null,
        "url":null
      }
    ],
    "keywords":[],
    "homepage_url":"https://github.com/collectiveidea/calendar_builder",
    "download_url":"https://github.com/collectiveidea/calendar_builder/archive/refactoring.zip",
    "size":188,
    "sha1":null,
    "md5":null,
    "sha256":null,
    "sha512":null,
    "bug_tracking_url":null,
    "code_view_url":null,
    "vcs_url":"git+('git://github.com/collectiveidea/calendar_builder.git',)",
    "copyright":null,
    "holder":null,
    "declared_license_expression":null,
    "declared_license_expression_spdx":null,
    "license_detections":[],
    "other_license_expression":null,
    "other_license_expression_spdx":null,
    "other_license_detections":[],
    "extracted_license_statement":null,
    "notice_text":null,
    "source_packages":[],
    "is_private":false,
    "is_virtual":false,
    "extra_data":{},
    "repository_homepage_url":null,
    "repository_download_url":null,
    "api_data_url":null,
    "package_uid":"pkg:github/collectiveidea/calendar_builder?uuid=fixed-uid-done-for-testing-5642512d1758",
    "datafile_paths":[],
    "datasource_ids":[],
    "purl":"pkg:github/collectiveidea/calendar_builder"
  }
]