[
  {
    "type":"sourceforge",
    "namespace":null,
    "name":"odanur",
    "version":null,
    "qualifiers":{},
    "subpath":null,
    "primary_language":null,
    "description":"home library administrator",
    "release_date":null,
    "parties":[
      {
        "type":null,
        "role":"contributor",
        "name":"Ignacio Perez Laborda",
        "email":null,
        "url":"https://sourceforge.net/u/ignaciopl/"
      }
    ],
    "keywords":[],
    "homepage_url":null,
    "download_url":null,
    "size":null,
    "sha1":null,
    "md5":null,
    "sha256":null,
    "sha512":null,
    "bug_tracking_url":null,
    "code_view_url":null,
    "vcs_url":null,
    "copyright":null,
    "holder":null,
    "declared_license_expression":null,
    "declared_license_expression_spdx":null,
    "license_detections":[],
    "other_license_expression":null,
    "other_license_expression_spdx":null,
    "other_license_detections":[],
    "extracted_license_statement":null,
    "notice_text":null,
    "source_packages":[],
    "is_private":false,
    "is_virtual":false,
    "extra_data":{},
    "repository_homepage_url":null,
    "repository_download_url":null,
    "api_data_url":null,
    "package_uid":"pkg:sourceforge/odanur?uuid=fixed-uid-done-for-testing-5642512d1758",
    "datafile_paths":[
      null
    ],
    "datasource_ids":[
      "sourceforge_metadata"
    ],
    "purl":"pkg:sourceforge/odanur"
  }
]