[
  {
    "type":"sourceforge",
    "namespace":null,
    "name":"niftyphp",
    "version":null,
    "qualifiers":{},
    "subpath":null,
    "primary_language":"php, JavaScript",
    "description":"Cognifty Framework offers the simplest way to build complex, vertical Web applications for your industry. Flexible enough to run other frameworks inside itself, Cognifty is the perfect choice for new integration or legacy development. ",
    "release_date":null,
    "parties":[
      {
        "type":null,
        "role":"contributor",
        "name":"Mark K",
        "email":null,
        "url":"https://sourceforge.net/u/hardcorelamer/"
      },
      {
        "type":null,
        "role":"contributor",
        "name":"scottgilvin",
        "email":null,
        "url":"https://sourceforge.net/u/scottgilvin/"
      },
      {
        "type":null,
        "role":"contributor",
        "name":"Mark Kimsal",
        "email":null,
        "url":"https://sourceforge.net/u/markkimsal/"
      }
    ],
    "keywords":[
      "filesharing",
      "scheduling",
      "dynamic"
    ],
    "homepage_url":"http://cognifty.com/",
    "download_url":null,
    "size":null,
    "sha1":null,
    "md5":null,
    "sha256":null,
    "sha512":null,
    "bug_tracking_url":null,
    "code_view_url":null,
    "vcs_url":null,
    "copyright":null,
    "holder":null,
    "declared_license_expression":"bsd-new",
    "declared_license_expression_spdx":"BSD-3-Clause",
    "license_detections":[
      {
        "license_expression":"bsd-new",
        "license_expression_spdx":"BSD-3-Clause",
        "matches":[
          {
            "license_expression":"bsd-new",
            "spdx_license_expression":"BSD-3-Clause",
            "from_file":null,
            "start_line":1,
            "end_line":1,
            "matcher":"1-hash",
            "score":99.0,
            "matched_length":2,
            "match_coverage":100.0,
            "rule_relevance":99,
            "rule_identifier":"bsd-new_89.RULE",
            "rule_url":"https://github.com/nexB/scancode-toolkit/tree/develop/src/licensedcode/data/rules/bsd-new_89.RULE",
            "matched_text":"license bsd"
          }
        ],
        "identifier":"bsd_new-261898a0-0118-87c4-7092-14e4ff134882"
      },
      {
        "license_expression":"bsd-new",
        "license_expression_spdx":"BSD-3-Clause",
        "matches":[
          {
            "license_expression":"bsd-new",
            "spdx_license_expression":"BSD-3-Clause",
            "from_file":null,
            "start_line":1,
            "end_line":1,
            "matcher":"1-hash",
            "score":99.0,
            "matched_length":2,
            "match_coverage":100.0,
            "rule_relevance":99,
            "rule_identifier":"bsd-new_26.RULE",
            "rule_url":"https://github.com/nexB/scancode-toolkit/tree/develop/src/licensedcode/data/rules/bsd-new_26.RULE",
            "matched_text":"BSD License"
          }
        ],
        "identifier":"bsd_new-3be3d96b-de79-5d03-4d9a-5166a036a0bf"
      }
    ],
    "other_license_expression":null,
    "other_license_expression_spdx":null,
    "other_license_detections":[],
    "extracted_license_statement":"- bsd\n- BSD License\n",
    "notice_text":null,
    "source_packages":[],
    "extra_data":{},
    "repository_homepage_url":null,
    "repository_download_url":null,
    "api_data_url":null,
    "package_uid":"pkg:sourceforge/niftyphp?uuid=fixed-uid-done-for-testing-5642512d1758",
    "datafile_paths":[],
    "datasource_ids":[],
    "purl":"pkg:sourceforge/niftyphp"
  }
]