[
  {
    "type":"cran",
    "namespace":null,
    "name":"abe",
    "version":"3.0.1",
    "qualifiers":{},
    "subpath":null,
    "primary_language":null,
    "description":null,
    "release_date":"2017-10-30",
    "parties":[
      {
        "type":"person",
        "role":"author",
        "name":"Rok Blagus [aut, cre],\n  Sladana Babic [ctb]",
        "email":null,
        "url":null
      },
      {
        "type":"person",
        "role":"maintainer",
        "name":"Rok Blagus",
        "email":"rok.blagus@mf.uni-lj.si",
        "url":null
      }
    ],
    "keywords":[],
    "homepage_url":null,
    "download_url":"https://cloud.r-project.org/src/contrib/abe_3.0.1.tar.gz",
    "size":null,
    "sha1":null,
    "md5":null,
    "sha256":null,
    "sha512":null,
    "bug_tracking_url":null,
    "code_view_url":null,
    "vcs_url":null,
    "copyright":null,
    "holder":null,
    "declared_license_expression":"(gpl-1.0-plus AND gpl-2.0) AND (gpl-1.0-plus AND gpl-3.0)",
    "declared_license_expression_spdx":"(GPL-1.0-or-later AND GPL-2.0-only) AND (GPL-1.0-or-later AND GPL-3.0-only)",
    "license_detections":[
      {
        "license_expression":"gpl-1.0-plus AND gpl-2.0",
        "license_expression_spdx":"GPL-1.0-or-later AND GPL-2.0-only",
        "matches":[
          {
            "license_expression":"gpl-1.0-plus",
            "spdx_license_expression":"GPL-1.0-or-later",
            "from_file":null,
            "start_line":1,
            "end_line":1,
            "matcher":"2-aho",
            "score":99.0,
            "matched_length":2,
            "match_coverage":100.0,
            "rule_relevance":99,
            "rule_identifier":"gpl-1.0-plus_154.RULE",
            "rule_url":"https://github.com/nexB/scancode-toolkit/tree/develop/src/licensedcode/data/rules/gpl-1.0-plus_154.RULE",
            "matched_text":"../../licenses/GPL-2"
          },
          {
            "license_expression":"gpl-2.0",
            "spdx_license_expression":"GPL-2.0-only",
            "from_file":null,
            "start_line":1,
            "end_line":1,
            "matcher":"2-aho",
            "score":100.0,
            "matched_length":2,
            "match_coverage":100.0,
            "rule_relevance":100,
            "rule_identifier":"gpl-2.0_620.RULE",
            "rule_url":"https://github.com/nexB/scancode-toolkit/tree/develop/src/licensedcode/data/rules/gpl-2.0_620.RULE",
            "matched_text":"../../licenses/GPL-2"
          }
        ],
        "identifier":"gpl_1_0_plus_and_gpl_2_0-5a62df7a-cc3f-6037-d483-7a77916d1dce"
      },
      {
        "license_expression":"gpl-1.0-plus AND gpl-3.0",
        "license_expression_spdx":"GPL-1.0-or-later AND GPL-3.0-only",
        "matches":[
          {
            "license_expression":"gpl-1.0-plus",
            "spdx_license_expression":"GPL-1.0-or-later",
            "from_file":null,
            "start_line":1,
            "end_line":1,
            "matcher":"2-aho",
            "score":99.0,
            "matched_length":2,
            "match_coverage":100.0,
            "rule_relevance":99,
            "rule_identifier":"gpl-1.0-plus_154.RULE",
            "rule_url":"https://github.com/nexB/scancode-toolkit/tree/develop/src/licensedcode/data/rules/gpl-1.0-plus_154.RULE",
            "matched_text":"../../licenses/GPL-3"
          },
          {
            "license_expression":"gpl-3.0",
            "spdx_license_expression":"GPL-3.0-only",
            "from_file":null,
            "start_line":1,
            "end_line":1,
            "matcher":"2-aho",
            "score":100.0,
            "matched_length":2,
            "match_coverage":100.0,
            "rule_relevance":100,
            "rule_identifier":"gpl-3.0_25.RULE",
            "rule_url":"https://github.com/nexB/scancode-toolkit/tree/develop/src/licensedcode/data/rules/gpl-3.0_25.RULE",
            "matched_text":"../../licenses/GPL-3"
          }
        ],
        "identifier":"gpl_1_0_plus_and_gpl_3_0-05e046e8-bd9c-deec-52b8-168b9ab1c398"
      }
    ],
    "other_license_expression":null,
    "other_license_expression_spdx":null,
    "other_license_detections":[],
    "extracted_license_statement":"- ../../licenses/GPL-2\n- ../../licenses/GPL-3\n",
    "notice_text":null,
    "source_packages":[],
    "extra_data":{},
    "repository_homepage_url":null,
    "repository_download_url":null,
    "api_data_url":null,
    "package_uid":"pkg:cran/abe@3.0.1?uuid=fixed-uid-done-for-testing-5642512d1758",
    "datafile_paths":[],
    "datasource_ids":[],
    "purl":"pkg:cran/abe@3.0.1"
  },
  {
    "type":"cran",
    "namespace":null,
    "name":"abe",
    "version":"3.0.1",
    "qualifiers":{},
    "subpath":null,
    "primary_language":null,
    "description":null,
    "release_date":"2017-10-30",
    "parties":[
      {
        "type":"person",
        "role":"author",
        "name":"Rok Blagus [aut, cre],\n  Sladana Babic [ctb]",
        "email":null,
        "url":null
      },
      {
        "type":"person",
        "role":"maintainer",
        "name":"Rok Blagus",
        "email":"rok.blagus@mf.uni-lj.si",
        "url":null
      }
    ],
    "keywords":[],
    "homepage_url":null,
    "download_url":"https://cloud.r-project.org/bin/windows/contrib/3.5/abe_3.0.1.zip",
    "size":null,
    "sha1":null,
    "md5":null,
    "sha256":null,
    "sha512":null,
    "bug_tracking_url":null,
    "code_view_url":null,
    "vcs_url":null,
    "copyright":null,
    "holder":null,
    "declared_license_expression":"(gpl-1.0-plus AND gpl-2.0) AND (gpl-1.0-plus AND gpl-3.0)",
    "declared_license_expression_spdx":"(GPL-1.0-or-later AND GPL-2.0-only) AND (GPL-1.0-or-later AND GPL-3.0-only)",
    "license_detections":[
      {
        "license_expression":"gpl-1.0-plus AND gpl-2.0",
        "license_expression_spdx":"GPL-1.0-or-later AND GPL-2.0-only",
        "matches":[
          {
            "license_expression":"gpl-1.0-plus",
            "spdx_license_expression":"GPL-1.0-or-later",
            "from_file":null,
            "start_line":1,
            "end_line":1,
            "matcher":"2-aho",
            "score":99.0,
            "matched_length":2,
            "match_coverage":100.0,
            "rule_relevance":99,
            "rule_identifier":"gpl-1.0-plus_154.RULE",
            "rule_url":"https://github.com/nexB/scancode-toolkit/tree/develop/src/licensedcode/data/rules/gpl-1.0-plus_154.RULE",
            "matched_text":"../../licenses/GPL-2"
          },
          {
            "license_expression":"gpl-2.0",
            "spdx_license_expression":"GPL-2.0-only",
            "from_file":null,
            "start_line":1,
            "end_line":1,
            "matcher":"2-aho",
            "score":100.0,
            "matched_length":2,
            "match_coverage":100.0,
            "rule_relevance":100,
            "rule_identifier":"gpl-2.0_620.RULE",
            "rule_url":"https://github.com/nexB/scancode-toolkit/tree/develop/src/licensedcode/data/rules/gpl-2.0_620.RULE",
            "matched_text":"../../licenses/GPL-2"
          }
        ],
        "identifier":"gpl_1_0_plus_and_gpl_2_0-5a62df7a-cc3f-6037-d483-7a77916d1dce"
      },
      {
        "license_expression":"gpl-1.0-plus AND gpl-3.0",
        "license_expression_spdx":"GPL-1.0-or-later AND GPL-3.0-only",
        "matches":[
          {
            "license_expression":"gpl-1.0-plus",
            "spdx_license_expression":"GPL-1.0-or-later",
            "from_file":null,
            "start_line":1,
            "end_line":1,
            "matcher":"2-aho",
            "score":99.0,
            "matched_length":2,
            "match_coverage":100.0,
            "rule_relevance":99,
            "rule_identifier":"gpl-1.0-plus_154.RULE",
            "rule_url":"https://github.com/nexB/scancode-toolkit/tree/develop/src/licensedcode/data/rules/gpl-1.0-plus_154.RULE",
            "matched_text":"../../licenses/GPL-3"
          },
          {
            "license_expression":"gpl-3.0",
            "spdx_license_expression":"GPL-3.0-only",
            "from_file":null,
            "start_line":1,
            "end_line":1,
            "matcher":"2-aho",
            "score":100.0,
            "matched_length":2,
            "match_coverage":100.0,
            "rule_relevance":100,
            "rule_identifier":"gpl-3.0_25.RULE",
            "rule_url":"https://github.com/nexB/scancode-toolkit/tree/develop/src/licensedcode/data/rules/gpl-3.0_25.RULE",
            "matched_text":"../../licenses/GPL-3"
          }
        ],
        "identifier":"gpl_1_0_plus_and_gpl_3_0-05e046e8-bd9c-deec-52b8-168b9ab1c398"
      }
    ],
    "other_license_expression":null,
    "other_license_expression_spdx":null,
    "other_license_detections":[],
    "extracted_license_statement":"- ../../licenses/GPL-2\n- ../../licenses/GPL-3\n",
    "notice_text":null,
    "source_packages":[],
    "extra_data":{},
    "repository_homepage_url":null,
    "repository_download_url":null,
    "api_data_url":null,
    "package_uid":"pkg:cran/abe@3.0.1?uuid=fixed-uid-done-for-testing-5642512d1758",
    "datafile_paths":[],
    "datasource_ids":[],
    "purl":"pkg:cran/abe@3.0.1"
  },
  {
    "type":"cran",
    "namespace":null,
    "name":"abe",
    "version":"3.0.1",
    "qualifiers":{},
    "subpath":null,
    "primary_language":null,
    "description":null,
    "release_date":"2017-10-30",
    "parties":[
      {
        "type":"person",
        "role":"author",
        "name":"Rok Blagus [aut, cre],\n  Sladana Babic [ctb]",
        "email":null,
        "url":null
      },
      {
        "type":"person",
        "role":"maintainer",
        "name":"Rok Blagus",
        "email":"rok.blagus@mf.uni-lj.si",
        "url":null
      }
    ],
    "keywords":[],
    "homepage_url":null,
    "download_url":"https://cloud.r-project.org/bin/windows/contrib/3.4/abe_3.0.1.zip",
    "size":null,
    "sha1":null,
    "md5":null,
    "sha256":null,
    "sha512":null,
    "bug_tracking_url":null,
    "code_view_url":null,
    "vcs_url":null,
    "copyright":null,
    "holder":null,
    "declared_license_expression":"(gpl-1.0-plus AND gpl-2.0) AND (gpl-1.0-plus AND gpl-3.0)",
    "declared_license_expression_spdx":"(GPL-1.0-or-later AND GPL-2.0-only) AND (GPL-1.0-or-later AND GPL-3.0-only)",
    "license_detections":[
      {
        "license_expression":"gpl-1.0-plus AND gpl-2.0",
        "license_expression_spdx":"GPL-1.0-or-later AND GPL-2.0-only",
        "matches":[
          {
            "license_expression":"gpl-1.0-plus",
            "spdx_license_expression":"GPL-1.0-or-later",
            "from_file":null,
            "start_line":1,
            "end_line":1,
            "matcher":"2-aho",
            "score":99.0,
            "matched_length":2,
            "match_coverage":100.0,
            "rule_relevance":99,
            "rule_identifier":"gpl-1.0-plus_154.RULE",
            "rule_url":"https://github.com/nexB/scancode-toolkit/tree/develop/src/licensedcode/data/rules/gpl-1.0-plus_154.RULE",
            "matched_text":"../../licenses/GPL-2"
          },
          {
            "license_expression":"gpl-2.0",
            "spdx_license_expression":"GPL-2.0-only",
            "from_file":null,
            "start_line":1,
            "end_line":1,
            "matcher":"2-aho",
            "score":100.0,
            "matched_length":2,
            "match_coverage":100.0,
            "rule_relevance":100,
            "rule_identifier":"gpl-2.0_620.RULE",
            "rule_url":"https://github.com/nexB/scancode-toolkit/tree/develop/src/licensedcode/data/rules/gpl-2.0_620.RULE",
            "matched_text":"../../licenses/GPL-2"
          }
        ],
        "identifier":"gpl_1_0_plus_and_gpl_2_0-5a62df7a-cc3f-6037-d483-7a77916d1dce"
      },
      {
        "license_expression":"gpl-1.0-plus AND gpl-3.0",
        "license_expression_spdx":"GPL-1.0-or-later AND GPL-3.0-only",
        "matches":[
          {
            "license_expression":"gpl-1.0-plus",
            "spdx_license_expression":"GPL-1.0-or-later",
            "from_file":null,
            "start_line":1,
            "end_line":1,
            "matcher":"2-aho",
            "score":99.0,
            "matched_length":2,
            "match_coverage":100.0,
            "rule_relevance":99,
            "rule_identifier":"gpl-1.0-plus_154.RULE",
            "rule_url":"https://github.com/nexB/scancode-toolkit/tree/develop/src/licensedcode/data/rules/gpl-1.0-plus_154.RULE",
            "matched_text":"../../licenses/GPL-3"
          },
          {
            "license_expression":"gpl-3.0",
            "spdx_license_expression":"GPL-3.0-only",
            "from_file":null,
            "start_line":1,
            "end_line":1,
            "matcher":"2-aho",
            "score":100.0,
            "matched_length":2,
            "match_coverage":100.0,
            "rule_relevance":100,
            "rule_identifier":"gpl-3.0_25.RULE",
            "rule_url":"https://github.com/nexB/scancode-toolkit/tree/develop/src/licensedcode/data/rules/gpl-3.0_25.RULE",
            "matched_text":"../../licenses/GPL-3"
          }
        ],
        "identifier":"gpl_1_0_plus_and_gpl_3_0-05e046e8-bd9c-deec-52b8-168b9ab1c398"
      }
    ],
    "other_license_expression":null,
    "other_license_expression_spdx":null,
    "other_license_detections":[],
    "extracted_license_statement":"- ../../licenses/GPL-2\n- ../../licenses/GPL-3\n",
    "notice_text":null,
    "source_packages":[],
    "extra_data":{},
    "repository_homepage_url":null,
    "repository_download_url":null,
    "api_data_url":null,
    "package_uid":"pkg:cran/abe@3.0.1?uuid=fixed-uid-done-for-testing-5642512d1758",
    "datafile_paths":[],
    "datasource_ids":[],
    "purl":"pkg:cran/abe@3.0.1"
  },
  {
    "type":"cran",
    "namespace":null,
    "name":"abe",
    "version":"3.0.1",
    "qualifiers":{},
    "subpath":null,
    "primary_language":null,
    "description":null,
    "release_date":"2017-10-30",
    "parties":[
      {
        "type":"person",
        "role":"author",
        "name":"Rok Blagus [aut, cre],\n  Sladana Babic [ctb]",
        "email":null,
        "url":null
      },
      {
        "type":"person",
        "role":"maintainer",
        "name":"Rok Blagus",
        "email":"rok.blagus@mf.uni-lj.si",
        "url":null
      }
    ],
    "keywords":[],
    "homepage_url":null,
    "download_url":"https://cloud.r-project.org/bin/windows/contrib/3.3/ReadMe",
    "size":null,
    "sha1":null,
    "md5":null,
    "sha256":null,
    "sha512":null,
    "bug_tracking_url":null,
    "code_view_url":null,
    "vcs_url":null,
    "copyright":null,
    "holder":null,
    "declared_license_expression":"(gpl-1.0-plus AND gpl-2.0) AND (gpl-1.0-plus AND gpl-3.0)",
    "declared_license_expression_spdx":"(GPL-1.0-or-later AND GPL-2.0-only) AND (GPL-1.0-or-later AND GPL-3.0-only)",
    "license_detections":[
      {
        "license_expression":"gpl-1.0-plus AND gpl-2.0",
        "license_expression_spdx":"GPL-1.0-or-later AND GPL-2.0-only",
        "matches":[
          {
            "license_expression":"gpl-1.0-plus",
            "spdx_license_expression":"GPL-1.0-or-later",
            "from_file":null,
            "start_line":1,
            "end_line":1,
            "matcher":"2-aho",
            "score":99.0,
            "matched_length":2,
            "match_coverage":100.0,
            "rule_relevance":99,
            "rule_identifier":"gpl-1.0-plus_154.RULE",
            "rule_url":"https://github.com/nexB/scancode-toolkit/tree/develop/src/licensedcode/data/rules/gpl-1.0-plus_154.RULE",
            "matched_text":"../../licenses/GPL-2"
          },
          {
            "license_expression":"gpl-2.0",
            "spdx_license_expression":"GPL-2.0-only",
            "from_file":null,
            "start_line":1,
            "end_line":1,
            "matcher":"2-aho",
            "score":100.0,
            "matched_length":2,
            "match_coverage":100.0,
            "rule_relevance":100,
            "rule_identifier":"gpl-2.0_620.RULE",
            "rule_url":"https://github.com/nexB/scancode-toolkit/tree/develop/src/licensedcode/data/rules/gpl-2.0_620.RULE",
            "matched_text":"../../licenses/GPL-2"
          }
        ],
        "identifier":"gpl_1_0_plus_and_gpl_2_0-5a62df7a-cc3f-6037-d483-7a77916d1dce"
      },
      {
        "license_expression":"gpl-1.0-plus AND gpl-3.0",
        "license_expression_spdx":"GPL-1.0-or-later AND GPL-3.0-only",
        "matches":[
          {
            "license_expression":"gpl-1.0-plus",
            "spdx_license_expression":"GPL-1.0-or-later",
            "from_file":null,
            "start_line":1,
            "end_line":1,
            "matcher":"2-aho",
            "score":99.0,
            "matched_length":2,
            "match_coverage":100.0,
            "rule_relevance":99,
            "rule_identifier":"gpl-1.0-plus_154.RULE",
            "rule_url":"https://github.com/nexB/scancode-toolkit/tree/develop/src/licensedcode/data/rules/gpl-1.0-plus_154.RULE",
            "matched_text":"../../licenses/GPL-3"
          },
          {
            "license_expression":"gpl-3.0",
            "spdx_license_expression":"GPL-3.0-only",
            "from_file":null,
            "start_line":1,
            "end_line":1,
            "matcher":"2-aho",
            "score":100.0,
            "matched_length":2,
            "match_coverage":100.0,
            "rule_relevance":100,
            "rule_identifier":"gpl-3.0_25.RULE",
            "rule_url":"https://github.com/nexB/scancode-toolkit/tree/develop/src/licensedcode/data/rules/gpl-3.0_25.RULE",
            "matched_text":"../../licenses/GPL-3"
          }
        ],
        "identifier":"gpl_1_0_plus_and_gpl_3_0-05e046e8-bd9c-deec-52b8-168b9ab1c398"
      }
    ],
    "other_license_expression":null,
    "other_license_expression_spdx":null,
    "other_license_detections":[],
    "extracted_license_statement":"- ../../licenses/GPL-2\n- ../../licenses/GPL-3\n",
    "notice_text":null,
    "source_packages":[],
    "extra_data":{},
    "repository_homepage_url":null,
    "repository_download_url":null,
    "api_data_url":null,
    "package_uid":"pkg:cran/abe@3.0.1?uuid=fixed-uid-done-for-testing-5642512d1758",
    "datafile_paths":[],
    "datasource_ids":[],
    "purl":"pkg:cran/abe@3.0.1"
  }
]