[
  {
    "type":"cran",
    "namespace":null,
    "name":"ANN2",
    "version":"1.1",
    "qualifiers":{},
    "subpath":null,
    "primary_language":null,
    "description":"Training of general classification and regression neural networks using \n    gradient descent. Special features include a function for training replicator \n    neural networks and a function for training autoencoders. Multiple activation and \n    cost functions (including Huber and pseudo-Huber) are supported, as well as L1 \n    and L2 regularization, momentum, early stopping and the possibility to specify \n    a learning rate schedule. The package contains a vectorized gradient descent \n    implementation which facilitates faster training through batch learning.",
    "release_date":"2017-10-23",
    "parties":[
      {
        "type":"person",
        "role":"author",
        "name":"Bart Lammers",
        "email":null,
        "url":null
      },
      {
        "type":"person",
        "role":"maintainer",
        "name":"Bart Lammers",
        "email":"bart.f.lammers@gmail.com",
        "url":null
      }
    ],
    "keywords":[],
    "homepage_url":"https://github.com/bflammers/ANN2",
    "download_url":"https://cloud.r-project.org/src/contrib/ANN2_1.1.tar.gz",
    "size":null,
    "sha1":null,
    "md5":null,
    "sha256":null,
    "sha512":null,
    "bug_tracking_url":null,
    "code_view_url":null,
    "vcs_url":null,
    "copyright":null,
    "holder":null,
    "declared_license_expression":"gpl-1.0-plus AND gpl-3.0",
    "declared_license_expression_spdx":"GPL-1.0-or-later AND GPL-3.0-only",
    "license_detections":[
      {
        "license_expression":"gpl-1.0-plus AND gpl-3.0",
        "license_expression_spdx":"GPL-1.0-or-later AND GPL-3.0-only",
        "matches":[
          {
            "license_expression":"gpl-1.0-plus",
            "spdx_license_expression":"GPL-1.0-or-later",
            "from_file":null,
            "start_line":1,
            "end_line":1,
            "matcher":"2-aho",
            "score":99.0,
            "matched_length":2,
            "match_coverage":100.0,
            "rule_relevance":99,
            "rule_identifier":"gpl-1.0-plus_154.RULE",
            "rule_url":"https://github.com/nexB/scancode-toolkit/tree/develop/src/licensedcode/data/rules/gpl-1.0-plus_154.RULE",
            "matched_text":"../../licenses/GPL-3"
          },
          {
            "license_expression":"gpl-3.0",
            "spdx_license_expression":"GPL-3.0-only",
            "from_file":null,
            "start_line":1,
            "end_line":1,
            "matcher":"2-aho",
            "score":100.0,
            "matched_length":2,
            "match_coverage":100.0,
            "rule_relevance":100,
            "rule_identifier":"gpl-3.0_25.RULE",
            "rule_url":"https://github.com/nexB/scancode-toolkit/tree/develop/src/licensedcode/data/rules/gpl-3.0_25.RULE",
            "matched_text":"../../licenses/GPL-3"
          }
        ],
        "identifier":"gpl_1_0_plus_and_gpl_3_0-05e046e8-bd9c-deec-52b8-168b9ab1c398"
      }
    ],
    "other_license_expression":null,
    "other_license_expression_spdx":null,
    "other_license_detections":[],
    "extracted_license_statement":"- ../../licenses/GPL-3\n",
    "notice_text":null,
    "source_packages":[],
    "extra_data":{},
    "repository_homepage_url":null,
    "repository_download_url":null,
    "api_data_url":null,
    "package_uid":"pkg:cran/ANN2@1.1?uuid=fixed-uid-done-for-testing-5642512d1758",
    "datafile_paths":[],
    "datasource_ids":[],
    "purl":"pkg:cran/ANN2@1.1"
  },
  {
    "type":"cran",
    "namespace":null,
    "name":"ANN2",
    "version":"1.1",
    "qualifiers":{},
    "subpath":null,
    "primary_language":null,
    "description":"Training of general classification and regression neural networks using \n    gradient descent. Special features include a function for training replicator \n    neural networks and a function for training autoencoders. Multiple activation and \n    cost functions (including Huber and pseudo-Huber) are supported, as well as L1 \n    and L2 regularization, momentum, early stopping and the possibility to specify \n    a learning rate schedule. The package contains a vectorized gradient descent \n    implementation which facilitates faster training through batch learning.",
    "release_date":"2017-10-23",
    "parties":[
      {
        "type":"person",
        "role":"author",
        "name":"Bart Lammers",
        "email":null,
        "url":null
      },
      {
        "type":"person",
        "role":"maintainer",
        "name":"Bart Lammers",
        "email":"bart.f.lammers@gmail.com",
        "url":null
      }
    ],
    "keywords":[],
    "homepage_url":"https://github.com/bflammers/ANN2",
    "download_url":"https://cloud.r-project.org/bin/windows/contrib/3.5/ANN2_1.0.zip",
    "size":null,
    "sha1":null,
    "md5":null,
    "sha256":null,
    "sha512":null,
    "bug_tracking_url":null,
    "code_view_url":null,
    "vcs_url":null,
    "copyright":null,
    "holder":null,
    "declared_license_expression":"gpl-1.0-plus AND gpl-3.0",
    "declared_license_expression_spdx":"GPL-1.0-or-later AND GPL-3.0-only",
    "license_detections":[
      {
        "license_expression":"gpl-1.0-plus AND gpl-3.0",
        "license_expression_spdx":"GPL-1.0-or-later AND GPL-3.0-only",
        "matches":[
          {
            "license_expression":"gpl-1.0-plus",
            "spdx_license_expression":"GPL-1.0-or-later",
            "from_file":null,
            "start_line":1,
            "end_line":1,
            "matcher":"2-aho",
            "score":99.0,
            "matched_length":2,
            "match_coverage":100.0,
            "rule_relevance":99,
            "rule_identifier":"gpl-1.0-plus_154.RULE",
            "rule_url":"https://github.com/nexB/scancode-toolkit/tree/develop/src/licensedcode/data/rules/gpl-1.0-plus_154.RULE",
            "matched_text":"../../licenses/GPL-3"
          },
          {
            "license_expression":"gpl-3.0",
            "spdx_license_expression":"GPL-3.0-only",
            "from_file":null,
            "start_line":1,
            "end_line":1,
            "matcher":"2-aho",
            "score":100.0,
            "matched_length":2,
            "match_coverage":100.0,
            "rule_relevance":100,
            "rule_identifier":"gpl-3.0_25.RULE",
            "rule_url":"https://github.com/nexB/scancode-toolkit/tree/develop/src/licensedcode/data/rules/gpl-3.0_25.RULE",
            "matched_text":"../../licenses/GPL-3"
          }
        ],
        "identifier":"gpl_1_0_plus_and_gpl_3_0-05e046e8-bd9c-deec-52b8-168b9ab1c398"
      }
    ],
    "other_license_expression":null,
    "other_license_expression_spdx":null,
    "other_license_detections":[],
    "extracted_license_statement":"- ../../licenses/GPL-3\n",
    "notice_text":null,
    "source_packages":[],
    "extra_data":{},
    "repository_homepage_url":null,
    "repository_download_url":null,
    "api_data_url":null,
    "package_uid":"pkg:cran/ANN2@1.1?uuid=fixed-uid-done-for-testing-5642512d1758",
    "datafile_paths":[],
    "datasource_ids":[],
    "purl":"pkg:cran/ANN2@1.1"
  },
  {
    "type":"cran",
    "namespace":null,
    "name":"ANN2",
    "version":"1.1",
    "qualifiers":{},
    "subpath":null,
    "primary_language":null,
    "description":"Training of general classification and regression neural networks using \n    gradient descent. Special features include a function for training replicator \n    neural networks and a function for training autoencoders. Multiple activation and \n    cost functions (including Huber and pseudo-Huber) are supported, as well as L1 \n    and L2 regularization, momentum, early stopping and the possibility to specify \n    a learning rate schedule. The package contains a vectorized gradient descent \n    implementation which facilitates faster training through batch learning.",
    "release_date":"2017-10-23",
    "parties":[
      {
        "type":"person",
        "role":"author",
        "name":"Bart Lammers",
        "email":null,
        "url":null
      },
      {
        "type":"person",
        "role":"maintainer",
        "name":"Bart Lammers",
        "email":"bart.f.lammers@gmail.com",
        "url":null
      }
    ],
    "keywords":[],
    "homepage_url":"https://github.com/bflammers/ANN2",
    "download_url":"https://cloud.r-project.org/bin/windows/contrib/3.4/ANN2_1.0.zip",
    "size":null,
    "sha1":null,
    "md5":null,
    "sha256":null,
    "sha512":null,
    "bug_tracking_url":null,
    "code_view_url":null,
    "vcs_url":null,
    "copyright":null,
    "holder":null,
    "declared_license_expression":"gpl-1.0-plus AND gpl-3.0",
    "declared_license_expression_spdx":"GPL-1.0-or-later AND GPL-3.0-only",
    "license_detections":[
      {
        "license_expression":"gpl-1.0-plus AND gpl-3.0",
        "license_expression_spdx":"GPL-1.0-or-later AND GPL-3.0-only",
        "matches":[
          {
            "license_expression":"gpl-1.0-plus",
            "spdx_license_expression":"GPL-1.0-or-later",
            "from_file":null,
            "start_line":1,
            "end_line":1,
            "matcher":"2-aho",
            "score":99.0,
            "matched_length":2,
            "match_coverage":100.0,
            "rule_relevance":99,
            "rule_identifier":"gpl-1.0-plus_154.RULE",
            "rule_url":"https://github.com/nexB/scancode-toolkit/tree/develop/src/licensedcode/data/rules/gpl-1.0-plus_154.RULE",
            "matched_text":"../../licenses/GPL-3"
          },
          {
            "license_expression":"gpl-3.0",
            "spdx_license_expression":"GPL-3.0-only",
            "from_file":null,
            "start_line":1,
            "end_line":1,
            "matcher":"2-aho",
            "score":100.0,
            "matched_length":2,
            "match_coverage":100.0,
            "rule_relevance":100,
            "rule_identifier":"gpl-3.0_25.RULE",
            "rule_url":"https://github.com/nexB/scancode-toolkit/tree/develop/src/licensedcode/data/rules/gpl-3.0_25.RULE",
            "matched_text":"../../licenses/GPL-3"
          }
        ],
        "identifier":"gpl_1_0_plus_and_gpl_3_0-05e046e8-bd9c-deec-52b8-168b9ab1c398"
      }
    ],
    "other_license_expression":null,
    "other_license_expression_spdx":null,
    "other_license_detections":[],
    "extracted_license_statement":"- ../../licenses/GPL-3\n",
    "notice_text":null,
    "source_packages":[],
    "extra_data":{},
    "repository_homepage_url":null,
    "repository_download_url":null,
    "api_data_url":null,
    "package_uid":"pkg:cran/ANN2@1.1?uuid=fixed-uid-done-for-testing-5642512d1758",
    "datafile_paths":[],
    "datasource_ids":[],
    "purl":"pkg:cran/ANN2@1.1"
  },
  {
    "type":"cran",
    "namespace":null,
    "name":"ANN2",
    "version":"1.1",
    "qualifiers":{},
    "subpath":null,
    "primary_language":null,
    "description":"Training of general classification and regression neural networks using \n    gradient descent. Special features include a function for training replicator \n    neural networks and a function for training autoencoders. Multiple activation and \n    cost functions (including Huber and pseudo-Huber) are supported, as well as L1 \n    and L2 regularization, momentum, early stopping and the possibility to specify \n    a learning rate schedule. The package contains a vectorized gradient descent \n    implementation which facilitates faster training through batch learning.",
    "release_date":"2017-10-23",
    "parties":[
      {
        "type":"person",
        "role":"author",
        "name":"Bart Lammers",
        "email":null,
        "url":null
      },
      {
        "type":"person",
        "role":"maintainer",
        "name":"Bart Lammers",
        "email":"bart.f.lammers@gmail.com",
        "url":null
      }
    ],
    "keywords":[],
    "homepage_url":"https://github.com/bflammers/ANN2",
    "download_url":"https://cloud.r-project.org/bin/windows/contrib/3.3/ANN2_1.0.zip",
    "size":null,
    "sha1":null,
    "md5":null,
    "sha256":null,
    "sha512":null,
    "bug_tracking_url":null,
    "code_view_url":null,
    "vcs_url":null,
    "copyright":null,
    "holder":null,
    "declared_license_expression":"gpl-1.0-plus AND gpl-3.0",
    "declared_license_expression_spdx":"GPL-1.0-or-later AND GPL-3.0-only",
    "license_detections":[
      {
        "license_expression":"gpl-1.0-plus AND gpl-3.0",
        "license_expression_spdx":"GPL-1.0-or-later AND GPL-3.0-only",
        "matches":[
          {
            "license_expression":"gpl-1.0-plus",
            "spdx_license_expression":"GPL-1.0-or-later",
            "from_file":null,
            "start_line":1,
            "end_line":1,
            "matcher":"2-aho",
            "score":99.0,
            "matched_length":2,
            "match_coverage":100.0,
            "rule_relevance":99,
            "rule_identifier":"gpl-1.0-plus_154.RULE",
            "rule_url":"https://github.com/nexB/scancode-toolkit/tree/develop/src/licensedcode/data/rules/gpl-1.0-plus_154.RULE",
            "matched_text":"../../licenses/GPL-3"
          },
          {
            "license_expression":"gpl-3.0",
            "spdx_license_expression":"GPL-3.0-only",
            "from_file":null,
            "start_line":1,
            "end_line":1,
            "matcher":"2-aho",
            "score":100.0,
            "matched_length":2,
            "match_coverage":100.0,
            "rule_relevance":100,
            "rule_identifier":"gpl-3.0_25.RULE",
            "rule_url":"https://github.com/nexB/scancode-toolkit/tree/develop/src/licensedcode/data/rules/gpl-3.0_25.RULE",
            "matched_text":"../../licenses/GPL-3"
          }
        ],
        "identifier":"gpl_1_0_plus_and_gpl_3_0-05e046e8-bd9c-deec-52b8-168b9ab1c398"
      }
    ],
    "other_license_expression":null,
    "other_license_expression_spdx":null,
    "other_license_detections":[],
    "extracted_license_statement":"- ../../licenses/GPL-3\n",
    "notice_text":null,
    "source_packages":[],
    "extra_data":{},
    "repository_homepage_url":null,
    "repository_download_url":null,
    "api_data_url":null,
    "package_uid":"pkg:cran/ANN2@1.1?uuid=fixed-uid-done-for-testing-5642512d1758",
    "datafile_paths":[],
    "datasource_ids":[],
    "purl":"pkg:cran/ANN2@1.1"
  },
  {
    "type":"cran",
    "namespace":null,
    "name":"ANN2",
    "version":"1.1",
    "qualifiers":{},
    "subpath":null,
    "primary_language":null,
    "description":"Training of general classification and regression neural networks using \n    gradient descent. Special features include a function for training replicator \n    neural networks and a function for training autoencoders. Multiple activation and \n    cost functions (including Huber and pseudo-Huber) are supported, as well as L1 \n    and L2 regularization, momentum, early stopping and the possibility to specify \n    a learning rate schedule. The package contains a vectorized gradient descent \n    implementation which facilitates faster training through batch learning.",
    "release_date":"2017-10-23",
    "parties":[
      {
        "type":"person",
        "role":"author",
        "name":"Bart Lammers",
        "email":null,
        "url":null
      },
      {
        "type":"person",
        "role":"maintainer",
        "name":"Bart Lammers",
        "email":"bart.f.lammers@gmail.com",
        "url":null
      }
    ],
    "keywords":[],
    "homepage_url":"https://github.com/bflammers/ANN2",
    "download_url":"https://cloud.r-project.org/bin/macosx/el-capitan/contrib/3.4/ANN2_1.0.tgz",
    "size":null,
    "sha1":null,
    "md5":null,
    "sha256":null,
    "sha512":null,
    "bug_tracking_url":null,
    "code_view_url":null,
    "vcs_url":null,
    "copyright":null,
    "holder":null,
    "declared_license_expression":"gpl-1.0-plus AND gpl-3.0",
    "declared_license_expression_spdx":"GPL-1.0-or-later AND GPL-3.0-only",
    "license_detections":[
      {
        "license_expression":"gpl-1.0-plus AND gpl-3.0",
        "license_expression_spdx":"GPL-1.0-or-later AND GPL-3.0-only",
        "matches":[
          {
            "license_expression":"gpl-1.0-plus",
            "spdx_license_expression":"GPL-1.0-or-later",
            "from_file":null,
            "start_line":1,
            "end_line":1,
            "matcher":"2-aho",
            "score":99.0,
            "matched_length":2,
            "match_coverage":100.0,
            "rule_relevance":99,
            "rule_identifier":"gpl-1.0-plus_154.RULE",
            "rule_url":"https://github.com/nexB/scancode-toolkit/tree/develop/src/licensedcode/data/rules/gpl-1.0-plus_154.RULE",
            "matched_text":"../../licenses/GPL-3"
          },
          {
            "license_expression":"gpl-3.0",
            "spdx_license_expression":"GPL-3.0-only",
            "from_file":null,
            "start_line":1,
            "end_line":1,
            "matcher":"2-aho",
            "score":100.0,
            "matched_length":2,
            "match_coverage":100.0,
            "rule_relevance":100,
            "rule_identifier":"gpl-3.0_25.RULE",
            "rule_url":"https://github.com/nexB/scancode-toolkit/tree/develop/src/licensedcode/data/rules/gpl-3.0_25.RULE",
            "matched_text":"../../licenses/GPL-3"
          }
        ],
        "identifier":"gpl_1_0_plus_and_gpl_3_0-05e046e8-bd9c-deec-52b8-168b9ab1c398"
      }
    ],
    "other_license_expression":null,
    "other_license_expression_spdx":null,
    "other_license_detections":[],
    "extracted_license_statement":"- ../../licenses/GPL-3\n",
    "notice_text":null,
    "source_packages":[],
    "extra_data":{},
    "repository_homepage_url":null,
    "repository_download_url":null,
    "api_data_url":null,
    "package_uid":"pkg:cran/ANN2@1.1?uuid=fixed-uid-done-for-testing-5642512d1758",
    "datafile_paths":[],
    "datasource_ids":[],
    "purl":"pkg:cran/ANN2@1.1"
  },
  {
    "type":"cran",
    "namespace":null,
    "name":"ANN2",
    "version":"1.1",
    "qualifiers":{},
    "subpath":null,
    "primary_language":null,
    "description":"Training of general classification and regression neural networks using \n    gradient descent. Special features include a function for training replicator \n    neural networks and a function for training autoencoders. Multiple activation and \n    cost functions (including Huber and pseudo-Huber) are supported, as well as L1 \n    and L2 regularization, momentum, early stopping and the possibility to specify \n    a learning rate schedule. The package contains a vectorized gradient descent \n    implementation which facilitates faster training through batch learning.",
    "release_date":"2017-10-23",
    "parties":[
      {
        "type":"person",
        "role":"author",
        "name":"Bart Lammers",
        "email":null,
        "url":null
      },
      {
        "type":"person",
        "role":"maintainer",
        "name":"Bart Lammers",
        "email":"bart.f.lammers@gmail.com",
        "url":null
      }
    ],
    "keywords":[],
    "homepage_url":"https://github.com/bflammers/ANN2",
    "download_url":"https://cloud.r-project.org/bin/macosx/mavericks/contrib/3.3/ANN2_1.0.tgz",
    "size":null,
    "sha1":null,
    "md5":null,
    "sha256":null,
    "sha512":null,
    "bug_tracking_url":null,
    "code_view_url":null,
    "vcs_url":null,
    "copyright":null,
    "holder":null,
    "declared_license_expression":"gpl-1.0-plus AND gpl-3.0",
    "declared_license_expression_spdx":"GPL-1.0-or-later AND GPL-3.0-only",
    "license_detections":[
      {
        "license_expression":"gpl-1.0-plus AND gpl-3.0",
        "license_expression_spdx":"GPL-1.0-or-later AND GPL-3.0-only",
        "matches":[
          {
            "license_expression":"gpl-1.0-plus",
            "spdx_license_expression":"GPL-1.0-or-later",
            "from_file":null,
            "start_line":1,
            "end_line":1,
            "matcher":"2-aho",
            "score":99.0,
            "matched_length":2,
            "match_coverage":100.0,
            "rule_relevance":99,
            "rule_identifier":"gpl-1.0-plus_154.RULE",
            "rule_url":"https://github.com/nexB/scancode-toolkit/tree/develop/src/licensedcode/data/rules/gpl-1.0-plus_154.RULE",
            "matched_text":"../../licenses/GPL-3"
          },
          {
            "license_expression":"gpl-3.0",
            "spdx_license_expression":"GPL-3.0-only",
            "from_file":null,
            "start_line":1,
            "end_line":1,
            "matcher":"2-aho",
            "score":100.0,
            "matched_length":2,
            "match_coverage":100.0,
            "rule_relevance":100,
            "rule_identifier":"gpl-3.0_25.RULE",
            "rule_url":"https://github.com/nexB/scancode-toolkit/tree/develop/src/licensedcode/data/rules/gpl-3.0_25.RULE",
            "matched_text":"../../licenses/GPL-3"
          }
        ],
        "identifier":"gpl_1_0_plus_and_gpl_3_0-05e046e8-bd9c-deec-52b8-168b9ab1c398"
      }
    ],
    "other_license_expression":null,
    "other_license_expression_spdx":null,
    "other_license_detections":[],
    "extracted_license_statement":"- ../../licenses/GPL-3\n",
    "notice_text":null,
    "source_packages":[],
    "extra_data":{},
    "repository_homepage_url":null,
    "repository_download_url":null,
    "api_data_url":null,
    "package_uid":"pkg:cran/ANN2@1.1?uuid=fixed-uid-done-for-testing-5642512d1758",
    "datafile_paths":[],
    "datasource_ids":[],
    "purl":"pkg:cran/ANN2@1.1"
  },
  {
    "type":"cran",
    "namespace":null,
    "name":"ANN2",
    "version":"1.1",
    "qualifiers":{},
    "subpath":null,
    "primary_language":null,
    "description":"Training of general classification and regression neural networks using \n    gradient descent. Special features include a function for training replicator \n    neural networks and a function for training autoencoders. Multiple activation and \n    cost functions (including Huber and pseudo-Huber) are supported, as well as L1 \n    and L2 regularization, momentum, early stopping and the possibility to specify \n    a learning rate schedule. The package contains a vectorized gradient descent \n    implementation which facilitates faster training through batch learning.",
    "release_date":"2017-10-23",
    "parties":[
      {
        "type":"person",
        "role":"author",
        "name":"Bart Lammers",
        "email":null,
        "url":null
      },
      {
        "type":"person",
        "role":"maintainer",
        "name":"Bart Lammers",
        "email":"bart.f.lammers@gmail.com",
        "url":null
      }
    ],
    "keywords":[],
    "homepage_url":"https://github.com/bflammers/ANN2",
    "download_url":"https://cloud.r-project.org/src/contrib/Archive/ANN2",
    "size":null,
    "sha1":null,
    "md5":null,
    "sha256":null,
    "sha512":null,
    "bug_tracking_url":null,
    "code_view_url":null,
    "vcs_url":null,
    "copyright":null,
    "holder":null,
    "declared_license_expression":"gpl-1.0-plus AND gpl-3.0",
    "declared_license_expression_spdx":"GPL-1.0-or-later AND GPL-3.0-only",
    "license_detections":[
      {
        "license_expression":"gpl-1.0-plus AND gpl-3.0",
        "license_expression_spdx":"GPL-1.0-or-later AND GPL-3.0-only",
        "matches":[
          {
            "license_expression":"gpl-1.0-plus",
            "spdx_license_expression":"GPL-1.0-or-later",
            "from_file":null,
            "start_line":1,
            "end_line":1,
            "matcher":"2-aho",
            "score":99.0,
            "matched_length":2,
            "match_coverage":100.0,
            "rule_relevance":99,
            "rule_identifier":"gpl-1.0-plus_154.RULE",
            "rule_url":"https://github.com/nexB/scancode-toolkit/tree/develop/src/licensedcode/data/rules/gpl-1.0-plus_154.RULE",
            "matched_text":"../../licenses/GPL-3"
          },
          {
            "license_expression":"gpl-3.0",
            "spdx_license_expression":"GPL-3.0-only",
            "from_file":null,
            "start_line":1,
            "end_line":1,
            "matcher":"2-aho",
            "score":100.0,
            "matched_length":2,
            "match_coverage":100.0,
            "rule_relevance":100,
            "rule_identifier":"gpl-3.0_25.RULE",
            "rule_url":"https://github.com/nexB/scancode-toolkit/tree/develop/src/licensedcode/data/rules/gpl-3.0_25.RULE",
            "matched_text":"../../licenses/GPL-3"
          }
        ],
        "identifier":"gpl_1_0_plus_and_gpl_3_0-05e046e8-bd9c-deec-52b8-168b9ab1c398"
      }
    ],
    "other_license_expression":null,
    "other_license_expression_spdx":null,
    "other_license_detections":[],
    "extracted_license_statement":"- ../../licenses/GPL-3\n",
    "notice_text":null,
    "source_packages":[],
    "extra_data":{},
    "repository_homepage_url":null,
    "repository_download_url":null,
    "api_data_url":null,
    "package_uid":"pkg:cran/ANN2@1.1?uuid=fixed-uid-done-for-testing-5642512d1758",
    "datafile_paths":[],
    "datasource_ids":[],
    "purl":"pkg:cran/ANN2@1.1"
  }
]