[
  {
    "api_data_url": null,
    "bug_tracking_url": null,
    "code_view_url": null,
    "copyright": null,
    "datasource_id": "alpm_metadata",
    "declared_license_expression": "gpl-3.0 AND lgpl-3.0",
    "declared_license_expression_spdx": "GPL-3.0-only AND LGPL-3.0-only",
    "dependencies": [
      {
        "extra_data": {},
        "extracted_requirement": null,
        "is_direct": true,
        "is_optional": false,
        "is_pinned": false,
        "is_runtime": true,
        "purl": "pkg:alpm/libbemenu",
        "resolved_package": {},
        "scope": null
      },
      {
        "extra_data": {},
        "extracted_requirement": null,
        "is_direct": true,
        "is_optional": false,
        "is_pinned": false,
        "is_runtime": true,
        "purl": "pkg:alpm/ncurses",
        "resolved_package": {},
        "scope": null
      }
    ],
    "description": "ncurses renderer for bemenu",
    "download_url": "https://archive.archlinux.org/packages/b/bemenu-ncurses/bemenu-ncurses-0.6.13-1-x86_64.pkg.tar.zst",
    "extra_data": {},
    "extracted_license_statement": "- GPL3\n- LGPL3\n",
    "file_references": [],
    "holder": null,
    "homepage_url": null,
    "is_private": false,
    "is_virtual": false,
    "keywords": [],
    "license_detections": [
      {
        "identifier": "gpl_3_0-0dc28761-3652-fbef-2817-d59625983de8",
        "license_expression": "gpl-3.0",
        "license_expression_spdx": "GPL-3.0-only",
        "matches": [
          {
            "end_line": 1,
            "from_file": null,
            "license_expression": "gpl-3.0",
            "license_expression_spdx": "GPL-3.0-only",
            "match_coverage": 100.0,
            "matched_length": 1,
            "matched_text": "GPL3",
            "matcher": "1-hash",
            "rule_identifier": "gpl3_bare_word_only.RULE",
            "rule_relevance": 60,
            "rule_url": "https://github.com/nexB/scancode-toolkit/tree/develop/src/licensedcode/data/rules/gpl3_bare_word_only.RULE",
            "score": 60.0,
            "start_line": 1
          }
        ]
      },
      {
        "identifier": "lgpl_3_0-2479709a-0e86-d252-74e2-7141438ec31e",
        "license_expression": "lgpl-3.0",
        "license_expression_spdx": "LGPL-3.0-only",
        "matches": [
          {
            "end_line": 1,
            "from_file": null,
            "license_expression": "lgpl-3.0",
            "license_expression_spdx": "LGPL-3.0-only",
            "match_coverage": 100.0,
            "matched_length": 1,
            "matched_text": "LGPL3",
            "matcher": "1-hash",
            "rule_identifier": "lgpl-3.0_58.RULE",
            "rule_relevance": 95,
            "rule_url": "https://github.com/nexB/scancode-toolkit/tree/develop/src/licensedcode/data/rules/lgpl-3.0_58.RULE",
            "score": 95.0,
            "start_line": 1
          }
        ]
      }
    ],
    "md5": null,
    "name": "bemenu-ncurses",
    "namespace": null,
    "notice_text": null,
    "other_license_detections": [],
    "other_license_expression": null,
    "other_license_expression_spdx": null,
    "parties": [
      {
        "email": "iff@archlinux.org",
        "name": "Ivy Foster",
        "role": "maintainer",
        "type": null,
        "url": null
      }
    ],
    "primary_language": null,
    "purl": "pkg:alpm/bemenu-ncurses@0.6.13-1?arch=x86_64",
    "qualifiers": {
      "arch": "x86_64"
    },
    "release_date": null,
    "repository_download_url": null,
    "repository_homepage_url": "https://github.com/Cloudef/bemenu",
    "sha1": null,
    "sha256": "1d1da6fbe1e08705ea12b1cf9b6fe9b3d77625392a78bc0f57bf88cdb3ad6d4f",
    "sha512": null,
    "size": 22200,
    "source_packages": [],
    "subpath": null,
    "type": "alpm",
    "vcs_url": null,
    "version": "0.6.13-1"
  }
]