[
  {
    "type":"freedesktop",
    "namespace":null,
    "name":"hal",
    "version":null,
    "qualifiers":{},
    "subpath":null,
    "primary_language":null,
    "description":"HAL - Hardware Abstraction Layer",
    "release_date":null,
    "parties":[],
    "keywords":[],
    "homepage_url":"https://www.freedesktop.org/wiki/Software/hal",
    "download_url":"http://hal.freedesktop.org/releases/",
    "size":null,
    "sha1":null,
    "md5":null,
    "sha256":null,
    "sha512":null,
    "bug_tracking_url":null,
    "code_view_url":"http://cgit.freedesktop.org/hal/tree/HACKING",
    "vcs_url":null,
    "copyright":null,
    "holder":null,
    "declared_license_expression":null,
    "declared_license_expression_spdx":null,
    "license_detections":[],
    "other_license_expression":null,
    "other_license_expression_spdx":null,
    "other_license_detections":[],
    "extracted_license_statement":null,
    "notice_text":null,
    "source_packages":[],
    "is_private":false,
    "is_virtual":false,
    "extra_data":{},
    "repository_homepage_url":null,
    "repository_download_url":null,
    "api_data_url":null,
    "package_uid":"pkg:freedesktop/hal?uuid=fixed-uid-done-for-testing-5642512d1758",
    "datafile_paths":[],
    "datasource_ids":[],
    "purl":"pkg:freedesktop/hal"
  }
]