[
  {
    "type":"freedesktop",
    "namespace":null,
    "name":"libinput",
    "version":null,
    "qualifiers":{},
    "subpath":null,
    "primary_language":null,
    "description":"libinput",
    "release_date":null,
    "parties":[],
    "keywords":[],
    "homepage_url":"https://www.freedesktop.org/wiki/Software/libinput/",
    "download_url":null,
    "size":null,
    "sha1":null,
    "md5":null,
    "sha256":null,
    "sha512":null,
    "bug_tracking_url":"https://bugs.freedesktop.org/buglist.cgi?component=libinput&product=Wayland&resolution=---",
    "code_view_url":"http://cgit.freedesktop.org/xorg/driver/xf86-input-libinput/tree/conf/99-libinput.conf",
    "vcs_url":"git+git://anongit.freedesktop.org/git/wayland/libinput",
    "copyright":null,
    "holder":null,
    "declared_license_expression":null,
    "declared_license_expression_spdx":null,
    "license_detections":[],
    "other_license_expression":null,
    "other_license_expression_spdx":null,
    "other_license_detections":[],
    "extracted_license_statement":null,
    "notice_text":null,
    "source_packages":[],
    "is_private":false,
    "is_virtual":false,
    "extra_data":{},
    "repository_homepage_url":null,
    "repository_download_url":null,
    "api_data_url":null,
    "package_uid":"pkg:freedesktop/libinput?uuid=fixed-uid-done-for-testing-5642512d1758",
    "datafile_paths":[],
    "datasource_ids":[],
    "purl":"pkg:freedesktop/libinput"
  }
]