[
  {
    "type":"nuget",
    "namespace":null,
    "name":"EntityFramework",
    "version":"6.1.3",
    "qualifiers":{},
    "subpath":null,
    "primary_language":null,
    "description":"Entity Framework is Microsoft's recommended data access technology for new applications.",
    "release_date":null,
    "parties":[
      {
        "type":null,
        "role":"author",
        "name":"Microsoft",
        "email":null,
        "url":null
      }
    ],
    "keywords":[
      "Microsoft",
      "EF",
      "Database",
      "Data",
      "O/RM",
      "ADO.NET"
    ],
    "homepage_url":"http://go.microsoft.com/fwlink/?LinkID=320540",
    "download_url":null,
    "size":null,
    "sha1":null,
    "md5":null,
    "sha256":null,
    "sha512":null,
    "bug_tracking_url":null,
    "code_view_url":null,
    "vcs_url":null,
    "copyright":null,
    "holder":null,
    "declared_license_expression":"ms-net-library",
    "declared_license_expression_spdx":"LicenseRef-scancode-ms-net-library",
    "license_detections":[
      {
        "license_expression":"ms-net-library",
        "license_expression_spdx":"LicenseRef-scancode-ms-net-library",
        "matches":[
          {
            "license_expression":"ms-net-library",
            "spdx_license_expression":"LicenseRef-scancode-ms-net-library",
            "from_file":null,
            "start_line":1,
            "end_line":1,
            "matcher":"1-hash",
            "score":100.0,
            "matched_length":7,
            "match_coverage":100.0,
            "rule_relevance":100,
            "rule_identifier":"ms-net-library_6.RULE",
            "rule_url":"https://github.com/nexB/scancode-toolkit/tree/develop/src/licensedcode/data/rules/ms-net-library_6.RULE",
            "matched_text":"http://go.microsoft.com/fwlink/?LinkID=320539"
          }
        ],
        "identifier":"ms_net_library-c4f25003-9bdd-58b0-1838-251037aad0bf"
      }
    ],
    "other_license_expression":null,
    "other_license_expression_spdx":null,
    "other_license_detections":[],
    "extracted_license_statement":"http://go.microsoft.com/fwlink/?LinkID=320539",
    "notice_text":null,
    "source_packages":[],
    "file_references":[],
    "extra_data":{},
    "dependencies":[],
    "repository_homepage_url":null,
    "repository_download_url":null,
    "api_data_url":null,
    "datasource_id":null,
    "purl":"pkg:nuget/EntityFramework@6.1.3"
  }
]