[
  {
    "type":"nuget",
    "namespace":null,
    "name":"log4net",
    "version":"2.0.8",
    "qualifiers":{},
    "subpath":null,
    "primary_language":null,
    "description":"log4net is a tool to help the programmer output log statements to a variety of output targets. In case of problems with an application, it is helpful to enable logging so that the problem can be located. With log4net it is possible to enable logging at runtime without modifying the application binary. The log4net package is designed so that log statements can remain in shipped code without incurring a high performance cost. It follows that the speed of logging (or rather not logging) is crucial. \n\nAt the same time, log output can be so voluminous that it quickly becomes overwhelming. One of the distinctive features of log4net is the notion of hierarchical loggers. Using these loggers it is possible to selectively control which log statements are output at arbitrary granularity. \n\nlog4net is designed with two distinct goals in mind: speed and flexibility",
    "release_date":null,
    "parties":[],
    "keywords":[],
    "homepage_url":"https://www.nuget.org/packages/log4net",
    "download_url":"https://www.nuget.org/api/v2/package/log4net/2.0.8",
    "size":null,
    "sha1":null,
    "md5":null,
    "sha256":null,
    "sha512":null,
    "bug_tracking_url":null,
    "code_view_url":null,
    "vcs_url":null,
    "copyright":"Copyright 2004-2017 The Apache Software Foundation",
    "holder":null,
    "declared_license_expression":"apache-2.0",
    "declared_license_expression_spdx":"Apache-2.0",
    "license_detections":[
      {
        "license_expression":"apache-2.0",
        "license_expression_spdx":"Apache-2.0",
        "matches":[
          {
            "license_expression":"apache-2.0",
            "spdx_license_expression":"Apache-2.0",
            "from_file":null,
            "start_line":1,
            "end_line":1,
            "matcher":"1-hash",
            "score":100.0,
            "matched_length":4,
            "match_coverage":100.0,
            "rule_relevance":100,
            "rule_identifier":"apache-2.0_176.RULE",
            "rule_url":"https://github.com/nexB/scancode-toolkit/tree/develop/src/licensedcode/data/rules/apache-2.0_176.RULE",
            "matched_text":"Apache-2.0 License"
          }
        ],
        "identifier":"apache_2_0-c303006c-0c7c-913e-6e1a-d71a3c906ed1"
      }
    ],
    "other_license_expression":null,
    "other_license_expression_spdx":null,
    "other_license_detections":[],
    "extracted_license_statement":"Apache-2.0 License",
    "notice_text":null,
    "source_packages":[],
    "extra_data":{},
    "repository_homepage_url":null,
    "repository_download_url":null,
    "api_data_url":null,
    "package_uid":"pkg:nuget/log4net@2.0.8?uuid=fixed-uid-done-for-testing-5642512d1758",
    "datafile_paths":[],
    "datasource_ids":[],
    "purl":"pkg:nuget/log4net@2.0.8"
  },
  {
    "type":"nuget",
    "namespace":null,
    "name":"log4net",
    "version":"2.0.7",
    "qualifiers":{},
    "subpath":null,
    "primary_language":null,
    "description":"log4net is a tool to help the programmer output log statements to a variety of output targets. In case of problems with an application, it is helpful to enable logging so that the problem can be located. With log4net it is possible to enable logging at runtime without modifying the application binary. The log4net package is designed so that log statements can remain in shipped code without incurring a high performance cost. It follows that the speed of logging (or rather not logging) is crucial. \n\nAt the same time, log output can be so voluminous that it quickly becomes overwhelming. One of the distinctive features of log4net is the notion of hierarchical loggers. Using these loggers it is possible to selectively control which log statements are output at arbitrary granularity. \n\nlog4net is designed with two distinct goals in mind: speed and flexibility",
    "release_date":null,
    "parties":[],
    "keywords":[],
    "homepage_url":"https://www.nuget.org/packages/log4net",
    "download_url":"https://www.nuget.org/api/v2/package/log4net/2.0.7",
    "size":null,
    "sha1":null,
    "md5":null,
    "sha256":null,
    "sha512":null,
    "bug_tracking_url":null,
    "code_view_url":null,
    "vcs_url":null,
    "copyright":"Copyright 2004-2017 The Apache Software Foundation",
    "holder":null,
    "declared_license_expression":"apache-2.0",
    "declared_license_expression_spdx":"Apache-2.0",
    "license_detections":[
      {
        "license_expression":"apache-2.0",
        "license_expression_spdx":"Apache-2.0",
        "matches":[
          {
            "license_expression":"apache-2.0",
            "spdx_license_expression":"Apache-2.0",
            "from_file":null,
            "start_line":1,
            "end_line":1,
            "matcher":"1-hash",
            "score":100.0,
            "matched_length":4,
            "match_coverage":100.0,
            "rule_relevance":100,
            "rule_identifier":"apache-2.0_176.RULE",
            "rule_url":"https://github.com/nexB/scancode-toolkit/tree/develop/src/licensedcode/data/rules/apache-2.0_176.RULE",
            "matched_text":"Apache-2.0 License"
          }
        ],
        "identifier":"apache_2_0-c303006c-0c7c-913e-6e1a-d71a3c906ed1"
      }
    ],
    "other_license_expression":null,
    "other_license_expression_spdx":null,
    "other_license_detections":[],
    "extracted_license_statement":"Apache-2.0 License",
    "notice_text":null,
    "source_packages":[],
    "extra_data":{},
    "repository_homepage_url":null,
    "repository_download_url":null,
    "api_data_url":null,
    "package_uid":"pkg:nuget/log4net@2.0.7?uuid=fixed-uid-done-for-testing-5642512d1758",
    "datafile_paths":[],
    "datasource_ids":[],
    "purl":"pkg:nuget/log4net@2.0.7"
  },
  {
    "type":"nuget",
    "namespace":null,
    "name":"log4net",
    "version":"2.0.6",
    "qualifiers":{},
    "subpath":null,
    "primary_language":null,
    "description":"log4net is a tool to help the programmer output log statements to a variety of output targets. In case of problems with an application, it is helpful to enable logging so that the problem can be located. With log4net it is possible to enable logging at runtime without modifying the application binary. The log4net package is designed so that log statements can remain in shipped code without incurring a high performance cost. It follows that the speed of logging (or rather not logging) is crucial. \n\nAt the same time, log output can be so voluminous that it quickly becomes overwhelming. One of the distinctive features of log4net is the notion of hierarchical loggers. Using these loggers it is possible to selectively control which log statements are output at arbitrary granularity. \n\nlog4net is designed with two distinct goals in mind: speed and flexibility",
    "release_date":null,
    "parties":[],
    "keywords":[],
    "homepage_url":"https://www.nuget.org/packages/log4net",
    "download_url":"https://www.nuget.org/api/v2/package/log4net/2.0.6",
    "size":null,
    "sha1":null,
    "md5":null,
    "sha256":null,
    "sha512":null,
    "bug_tracking_url":null,
    "code_view_url":null,
    "vcs_url":null,
    "copyright":"Copyright 2004-2017 The Apache Software Foundation",
    "holder":null,
    "declared_license_expression":"apache-2.0",
    "declared_license_expression_spdx":"Apache-2.0",
    "license_detections":[
      {
        "license_expression":"apache-2.0",
        "license_expression_spdx":"Apache-2.0",
        "matches":[
          {
            "license_expression":"apache-2.0",
            "spdx_license_expression":"Apache-2.0",
            "from_file":null,
            "start_line":1,
            "end_line":1,
            "matcher":"1-hash",
            "score":100.0,
            "matched_length":4,
            "match_coverage":100.0,
            "rule_relevance":100,
            "rule_identifier":"apache-2.0_176.RULE",
            "rule_url":"https://github.com/nexB/scancode-toolkit/tree/develop/src/licensedcode/data/rules/apache-2.0_176.RULE",
            "matched_text":"Apache-2.0 License"
          }
        ],
        "identifier":"apache_2_0-c303006c-0c7c-913e-6e1a-d71a3c906ed1"
      }
    ],
    "other_license_expression":null,
    "other_license_expression_spdx":null,
    "other_license_detections":[],
    "extracted_license_statement":"Apache-2.0 License",
    "notice_text":null,
    "source_packages":[],
    "extra_data":{},
    "repository_homepage_url":null,
    "repository_download_url":null,
    "api_data_url":null,
    "package_uid":"pkg:nuget/log4net@2.0.6?uuid=fixed-uid-done-for-testing-5642512d1758",
    "datafile_paths":[],
    "datasource_ids":[],
    "purl":"pkg:nuget/log4net@2.0.6"
  },
  {
    "type":"nuget",
    "namespace":null,
    "name":"log4net",
    "version":"2.0.5",
    "qualifiers":{},
    "subpath":null,
    "primary_language":null,
    "description":"log4net is a tool to help the programmer output log statements to a variety of output targets. In case of problems with an application, it is helpful to enable logging so that the problem can be located. With log4net it is possible to enable logging at runtime without modifying the application binary. The log4net package is designed so that log statements can remain in shipped code without incurring a high performance cost. It follows that the speed of logging (or rather not logging) is crucial. \n\nAt the same time, log output can be so voluminous that it quickly becomes overwhelming. One of the distinctive features of log4net is the notion of hierarchical loggers. Using these loggers it is possible to selectively control which log statements are output at arbitrary granularity. \n\nlog4net is designed with two distinct goals in mind: speed and flexibility",
    "release_date":null,
    "parties":[],
    "keywords":[],
    "homepage_url":"https://www.nuget.org/packages/log4net",
    "download_url":"https://www.nuget.org/api/v2/package/log4net/2.0.5",
    "size":null,
    "sha1":null,
    "md5":null,
    "sha256":null,
    "sha512":null,
    "bug_tracking_url":null,
    "code_view_url":null,
    "vcs_url":null,
    "copyright":"Copyright 2004-2017 The Apache Software Foundation",
    "holder":null,
    "declared_license_expression":"apache-2.0",
    "declared_license_expression_spdx":"Apache-2.0",
    "license_detections":[
      {
        "license_expression":"apache-2.0",
        "license_expression_spdx":"Apache-2.0",
        "matches":[
          {
            "license_expression":"apache-2.0",
            "spdx_license_expression":"Apache-2.0",
            "from_file":null,
            "start_line":1,
            "end_line":1,
            "matcher":"1-hash",
            "score":100.0,
            "matched_length":4,
            "match_coverage":100.0,
            "rule_relevance":100,
            "rule_identifier":"apache-2.0_176.RULE",
            "rule_url":"https://github.com/nexB/scancode-toolkit/tree/develop/src/licensedcode/data/rules/apache-2.0_176.RULE",
            "matched_text":"Apache-2.0 License"
          }
        ],
        "identifier":"apache_2_0-c303006c-0c7c-913e-6e1a-d71a3c906ed1"
      }
    ],
    "other_license_expression":null,
    "other_license_expression_spdx":null,
    "other_license_detections":[],
    "extracted_license_statement":"Apache-2.0 License",
    "notice_text":null,
    "source_packages":[],
    "extra_data":{},
    "repository_homepage_url":null,
    "repository_download_url":null,
    "api_data_url":null,
    "package_uid":"pkg:nuget/log4net@2.0.5?uuid=fixed-uid-done-for-testing-5642512d1758",
    "datafile_paths":[],
    "datasource_ids":[],
    "purl":"pkg:nuget/log4net@2.0.5"
  },
  {
    "type":"nuget",
    "namespace":null,
    "name":"log4net",
    "version":"2.0.4",
    "qualifiers":{},
    "subpath":null,
    "primary_language":null,
    "description":"log4net is a tool to help the programmer output log statements to a variety of output targets. In case of problems with an application, it is helpful to enable logging so that the problem can be located. With log4net it is possible to enable logging at runtime without modifying the application binary. The log4net package is designed so that log statements can remain in shipped code without incurring a high performance cost. It follows that the speed of logging (or rather not logging) is crucial. \n\nAt the same time, log output can be so voluminous that it quickly becomes overwhelming. One of the distinctive features of log4net is the notion of hierarchical loggers. Using these loggers it is possible to selectively control which log statements are output at arbitrary granularity. \n\nlog4net is designed with two distinct goals in mind: speed and flexibility",
    "release_date":null,
    "parties":[],
    "keywords":[],
    "homepage_url":"https://www.nuget.org/packages/log4net",
    "download_url":"https://www.nuget.org/api/v2/package/log4net/2.0.4",
    "size":null,
    "sha1":null,
    "md5":null,
    "sha256":null,
    "sha512":null,
    "bug_tracking_url":null,
    "code_view_url":null,
    "vcs_url":null,
    "copyright":"Copyright 2004-2017 The Apache Software Foundation",
    "holder":null,
    "declared_license_expression":"apache-2.0",
    "declared_license_expression_spdx":"Apache-2.0",
    "license_detections":[
      {
        "license_expression":"apache-2.0",
        "license_expression_spdx":"Apache-2.0",
        "matches":[
          {
            "license_expression":"apache-2.0",
            "spdx_license_expression":"Apache-2.0",
            "from_file":null,
            "start_line":1,
            "end_line":1,
            "matcher":"1-hash",
            "score":100.0,
            "matched_length":4,
            "match_coverage":100.0,
            "rule_relevance":100,
            "rule_identifier":"apache-2.0_176.RULE",
            "rule_url":"https://github.com/nexB/scancode-toolkit/tree/develop/src/licensedcode/data/rules/apache-2.0_176.RULE",
            "matched_text":"Apache-2.0 License"
          }
        ],
        "identifier":"apache_2_0-c303006c-0c7c-913e-6e1a-d71a3c906ed1"
      }
    ],
    "other_license_expression":null,
    "other_license_expression_spdx":null,
    "other_license_detections":[],
    "extracted_license_statement":"Apache-2.0 License",
    "notice_text":null,
    "source_packages":[],
    "extra_data":{},
    "repository_homepage_url":null,
    "repository_download_url":null,
    "api_data_url":null,
    "package_uid":"pkg:nuget/log4net@2.0.4?uuid=fixed-uid-done-for-testing-5642512d1758",
    "datafile_paths":[],
    "datasource_ids":[],
    "purl":"pkg:nuget/log4net@2.0.4"
  },
  {
    "type":"nuget",
    "namespace":null,
    "name":"log4net",
    "version":"2.0.3",
    "qualifiers":{},
    "subpath":null,
    "primary_language":null,
    "description":"log4net is a tool to help the programmer output log statements to a variety of output targets. In case of problems with an application, it is helpful to enable logging so that the problem can be located. With log4net it is possible to enable logging at runtime without modifying the application binary. The log4net package is designed so that log statements can remain in shipped code without incurring a high performance cost. It follows that the speed of logging (or rather not logging) is crucial. \n\nAt the same time, log output can be so voluminous that it quickly becomes overwhelming. One of the distinctive features of log4net is the notion of hierarchical loggers. Using these loggers it is possible to selectively control which log statements are output at arbitrary granularity. \n\nlog4net is designed with two distinct goals in mind: speed and flexibility",
    "release_date":null,
    "parties":[],
    "keywords":[],
    "homepage_url":"https://www.nuget.org/packages/log4net",
    "download_url":"https://www.nuget.org/api/v2/package/log4net/2.0.3",
    "size":null,
    "sha1":null,
    "md5":null,
    "sha256":null,
    "sha512":null,
    "bug_tracking_url":null,
    "code_view_url":null,
    "vcs_url":null,
    "copyright":"Copyright 2004-2017 The Apache Software Foundation",
    "holder":null,
    "declared_license_expression":"apache-2.0",
    "declared_license_expression_spdx":"Apache-2.0",
    "license_detections":[
      {
        "license_expression":"apache-2.0",
        "license_expression_spdx":"Apache-2.0",
        "matches":[
          {
            "license_expression":"apache-2.0",
            "spdx_license_expression":"Apache-2.0",
            "from_file":null,
            "start_line":1,
            "end_line":1,
            "matcher":"1-hash",
            "score":100.0,
            "matched_length":4,
            "match_coverage":100.0,
            "rule_relevance":100,
            "rule_identifier":"apache-2.0_176.RULE",
            "rule_url":"https://github.com/nexB/scancode-toolkit/tree/develop/src/licensedcode/data/rules/apache-2.0_176.RULE",
            "matched_text":"Apache-2.0 License"
          }
        ],
        "identifier":"apache_2_0-c303006c-0c7c-913e-6e1a-d71a3c906ed1"
      }
    ],
    "other_license_expression":null,
    "other_license_expression_spdx":null,
    "other_license_detections":[],
    "extracted_license_statement":"Apache-2.0 License",
    "notice_text":null,
    "source_packages":[],
    "extra_data":{},
    "repository_homepage_url":null,
    "repository_download_url":null,
    "api_data_url":null,
    "package_uid":"pkg:nuget/log4net@2.0.3?uuid=fixed-uid-done-for-testing-5642512d1758",
    "datafile_paths":[],
    "datasource_ids":[],
    "purl":"pkg:nuget/log4net@2.0.3"
  },
  {
    "type":"nuget",
    "namespace":null,
    "name":"log4net",
    "version":"2.0.2",
    "qualifiers":{},
    "subpath":null,
    "primary_language":null,
    "description":"log4net is a tool to help the programmer output log statements to a variety of output targets. In case of problems with an application, it is helpful to enable logging so that the problem can be located. With log4net it is possible to enable logging at runtime without modifying the application binary. The log4net package is designed so that log statements can remain in shipped code without incurring a high performance cost. It follows that the speed of logging (or rather not logging) is crucial. \n\nAt the same time, log output can be so voluminous that it quickly becomes overwhelming. One of the distinctive features of log4net is the notion of hierarchical loggers. Using these loggers it is possible to selectively control which log statements are output at arbitrary granularity. \n\nlog4net is designed with two distinct goals in mind: speed and flexibility",
    "release_date":null,
    "parties":[],
    "keywords":[],
    "homepage_url":"https://www.nuget.org/packages/log4net",
    "download_url":"https://www.nuget.org/api/v2/package/log4net/2.0.2",
    "size":null,
    "sha1":null,
    "md5":null,
    "sha256":null,
    "sha512":null,
    "bug_tracking_url":null,
    "code_view_url":null,
    "vcs_url":null,
    "copyright":"Copyright 2004-2017 The Apache Software Foundation",
    "holder":null,
    "declared_license_expression":"apache-2.0",
    "declared_license_expression_spdx":"Apache-2.0",
    "license_detections":[
      {
        "license_expression":"apache-2.0",
        "license_expression_spdx":"Apache-2.0",
        "matches":[
          {
            "license_expression":"apache-2.0",
            "spdx_license_expression":"Apache-2.0",
            "from_file":null,
            "start_line":1,
            "end_line":1,
            "matcher":"1-hash",
            "score":100.0,
            "matched_length":4,
            "match_coverage":100.0,
            "rule_relevance":100,
            "rule_identifier":"apache-2.0_176.RULE",
            "rule_url":"https://github.com/nexB/scancode-toolkit/tree/develop/src/licensedcode/data/rules/apache-2.0_176.RULE",
            "matched_text":"Apache-2.0 License"
          }
        ],
        "identifier":"apache_2_0-c303006c-0c7c-913e-6e1a-d71a3c906ed1"
      }
    ],
    "other_license_expression":null,
    "other_license_expression_spdx":null,
    "other_license_detections":[],
    "extracted_license_statement":"Apache-2.0 License",
    "notice_text":null,
    "source_packages":[],
    "extra_data":{},
    "repository_homepage_url":null,
    "repository_download_url":null,
    "api_data_url":null,
    "package_uid":"pkg:nuget/log4net@2.0.2?uuid=fixed-uid-done-for-testing-5642512d1758",
    "datafile_paths":[],
    "datasource_ids":[],
    "purl":"pkg:nuget/log4net@2.0.2"
  },
  {
    "type":"nuget",
    "namespace":null,
    "name":"log4net",
    "version":"2.0.1",
    "qualifiers":{},
    "subpath":null,
    "primary_language":null,
    "description":"log4net is a tool to help the programmer output log statements to a variety of output targets. In case of problems with an application, it is helpful to enable logging so that the problem can be located. With log4net it is possible to enable logging at runtime without modifying the application binary. The log4net package is designed so that log statements can remain in shipped code without incurring a high performance cost. It follows that the speed of logging (or rather not logging) is crucial. \n\nAt the same time, log output can be so voluminous that it quickly becomes overwhelming. One of the distinctive features of log4net is the notion of hierarchical loggers. Using these loggers it is possible to selectively control which log statements are output at arbitrary granularity. \n\nlog4net is designed with two distinct goals in mind: speed and flexibility",
    "release_date":null,
    "parties":[],
    "keywords":[],
    "homepage_url":"https://www.nuget.org/packages/log4net",
    "download_url":"https://www.nuget.org/api/v2/package/log4net/2.0.1",
    "size":null,
    "sha1":null,
    "md5":null,
    "sha256":null,
    "sha512":null,
    "bug_tracking_url":null,
    "code_view_url":null,
    "vcs_url":null,
    "copyright":"Copyright 2004-2017 The Apache Software Foundation",
    "holder":null,
    "declared_license_expression":"apache-2.0",
    "declared_license_expression_spdx":"Apache-2.0",
    "license_detections":[
      {
        "license_expression":"apache-2.0",
        "license_expression_spdx":"Apache-2.0",
        "matches":[
          {
            "license_expression":"apache-2.0",
            "spdx_license_expression":"Apache-2.0",
            "from_file":null,
            "start_line":1,
            "end_line":1,
            "matcher":"1-hash",
            "score":100.0,
            "matched_length":4,
            "match_coverage":100.0,
            "rule_relevance":100,
            "rule_identifier":"apache-2.0_176.RULE",
            "rule_url":"https://github.com/nexB/scancode-toolkit/tree/develop/src/licensedcode/data/rules/apache-2.0_176.RULE",
            "matched_text":"Apache-2.0 License"
          }
        ],
        "identifier":"apache_2_0-c303006c-0c7c-913e-6e1a-d71a3c906ed1"
      }
    ],
    "other_license_expression":null,
    "other_license_expression_spdx":null,
    "other_license_detections":[],
    "extracted_license_statement":"Apache-2.0 License",
    "notice_text":null,
    "source_packages":[],
    "extra_data":{},
    "repository_homepage_url":null,
    "repository_download_url":null,
    "api_data_url":null,
    "package_uid":"pkg:nuget/log4net@2.0.1?uuid=fixed-uid-done-for-testing-5642512d1758",
    "datafile_paths":[],
    "datasource_ids":[],
    "purl":"pkg:nuget/log4net@2.0.1"
  },
  {
    "type":"nuget",
    "namespace":null,
    "name":"log4net",
    "version":"2.0.0",
    "qualifiers":{},
    "subpath":null,
    "primary_language":null,
    "description":"log4net is a tool to help the programmer output log statements to a variety of output targets. In case of problems with an application, it is helpful to enable logging so that the problem can be located. With log4net it is possible to enable logging at runtime without modifying the application binary. The log4net package is designed so that log statements can remain in shipped code without incurring a high performance cost. It follows that the speed of logging (or rather not logging) is crucial. \n\nAt the same time, log output can be so voluminous that it quickly becomes overwhelming. One of the distinctive features of log4net is the notion of hierarchical loggers. Using these loggers it is possible to selectively control which log statements are output at arbitrary granularity. \n\nlog4net is designed with two distinct goals in mind: speed and flexibility",
    "release_date":null,
    "parties":[],
    "keywords":[],
    "homepage_url":"https://www.nuget.org/packages/log4net",
    "download_url":"https://www.nuget.org/api/v2/package/log4net/2.0.0",
    "size":null,
    "sha1":null,
    "md5":null,
    "sha256":null,
    "sha512":null,
    "bug_tracking_url":null,
    "code_view_url":null,
    "vcs_url":null,
    "copyright":"Copyright 2004-2017 The Apache Software Foundation",
    "holder":null,
    "declared_license_expression":"apache-2.0",
    "declared_license_expression_spdx":"Apache-2.0",
    "license_detections":[
      {
        "license_expression":"apache-2.0",
        "license_expression_spdx":"Apache-2.0",
        "matches":[
          {
            "license_expression":"apache-2.0",
            "spdx_license_expression":"Apache-2.0",
            "from_file":null,
            "start_line":1,
            "end_line":1,
            "matcher":"1-hash",
            "score":100.0,
            "matched_length":4,
            "match_coverage":100.0,
            "rule_relevance":100,
            "rule_identifier":"apache-2.0_176.RULE",
            "rule_url":"https://github.com/nexB/scancode-toolkit/tree/develop/src/licensedcode/data/rules/apache-2.0_176.RULE",
            "matched_text":"Apache-2.0 License"
          }
        ],
        "identifier":"apache_2_0-c303006c-0c7c-913e-6e1a-d71a3c906ed1"
      }
    ],
    "other_license_expression":null,
    "other_license_expression_spdx":null,
    "other_license_detections":[],
    "extracted_license_statement":"Apache-2.0 License",
    "notice_text":null,
    "source_packages":[],
    "extra_data":{},
    "repository_homepage_url":null,
    "repository_download_url":null,
    "api_data_url":null,
    "package_uid":"pkg:nuget/log4net@2.0.0?uuid=fixed-uid-done-for-testing-5642512d1758",
    "datafile_paths":[],
    "datasource_ids":[],
    "purl":"pkg:nuget/log4net@2.0.0"
  },
  {
    "type":"nuget",
    "namespace":null,
    "name":"log4net",
    "version":"1.2.10",
    "qualifiers":{},
    "subpath":null,
    "primary_language":null,
    "description":"log4net is a tool to help the programmer output log statements to a variety of output targets. In case of problems with an application, it is helpful to enable logging so that the problem can be located. With log4net it is possible to enable logging at runtime without modifying the application binary. The log4net package is designed so that log statements can remain in shipped code without incurring a high performance cost. It follows that the speed of logging (or rather not logging) is crucial. \n\nAt the same time, log output can be so voluminous that it quickly becomes overwhelming. One of the distinctive features of log4net is the notion of hierarchical loggers. Using these loggers it is possible to selectively control which log statements are output at arbitrary granularity. \n\nlog4net is designed with two distinct goals in mind: speed and flexibility",
    "release_date":null,
    "parties":[],
    "keywords":[],
    "homepage_url":"https://www.nuget.org/packages/log4net",
    "download_url":"https://www.nuget.org/api/v2/package/log4net/1.2.10",
    "size":null,
    "sha1":null,
    "md5":null,
    "sha256":null,
    "sha512":null,
    "bug_tracking_url":null,
    "code_view_url":null,
    "vcs_url":null,
    "copyright":"Copyright 2004-2017 The Apache Software Foundation",
    "holder":null,
    "declared_license_expression":"apache-2.0",
    "declared_license_expression_spdx":"Apache-2.0",
    "license_detections":[
      {
        "license_expression":"apache-2.0",
        "license_expression_spdx":"Apache-2.0",
        "matches":[
          {
            "license_expression":"apache-2.0",
            "spdx_license_expression":"Apache-2.0",
            "from_file":null,
            "start_line":1,
            "end_line":1,
            "matcher":"1-hash",
            "score":100.0,
            "matched_length":4,
            "match_coverage":100.0,
            "rule_relevance":100,
            "rule_identifier":"apache-2.0_176.RULE",
            "rule_url":"https://github.com/nexB/scancode-toolkit/tree/develop/src/licensedcode/data/rules/apache-2.0_176.RULE",
            "matched_text":"Apache-2.0 License"
          }
        ],
        "identifier":"apache_2_0-c303006c-0c7c-913e-6e1a-d71a3c906ed1"
      }
    ],
    "other_license_expression":null,
    "other_license_expression_spdx":null,
    "other_license_detections":[],
    "extracted_license_statement":"Apache-2.0 License",
    "notice_text":null,
    "source_packages":[],
    "extra_data":{},
    "repository_homepage_url":null,
    "repository_download_url":null,
    "api_data_url":null,
    "package_uid":"pkg:nuget/log4net@1.2.10?uuid=fixed-uid-done-for-testing-5642512d1758",
    "datafile_paths":[],
    "datasource_ids":[],
    "purl":"pkg:nuget/log4net@1.2.10"
  }
]